<html>
<body>
<pre>
<h1>礦ision Build Log</h1>
<h2>Project:</h2>
C:\Users\Administrator\Desktop\淘宝\新建文件夹\RT-Thread-0.3.1\bsp\stm3210\project_lwip\project.uvproj
Project File Date:  11/03/2013

<h2>Output:</h2>
Build target 'RT-Thread STM32'
compiling application.c...
application.c(51): error:  #20: identifier "fd_set" is undefined
application.c:          fd_set readset;
application.c:          ^
application.c(53): error:  #70: incomplete type is not allowed
application.c:          struct timeval timeout;
application.c:                         ^
application.c(63): warning:  #260-D: explicit type is missing ("int" assumed)
application.c:                          extern server_m2m_sock;
application.c:                                 ^
application.c(66): warning:  #223-D: function "lwip_send" declared implicitly
application.c:                          lwip_send(server_m2m_sock, rx_buf, len1, 0);
application.c:                          ^
application.c(52): warning:  #177-D: variable "ret" was declared but never referenced
application.c:          int ret;
application.c:              ^
application.c: application.c: 3 warnings, 2 errors
compiling tcpserver.c...
..\..\..\examples\network\tcpserver.c(114): warning:  #111-D: statement is unreachable
..\..\..\examples\network\tcpserver.c:                  lwip_close(server_m2m_sock);
..\..\..\examples\network\tcpserver.c:                  ^
..\..\..\examples\network\tcpserver.c(16): warning:  #177-D: variable "stop" was declared but never referenced
..\..\..\examples\network\tcpserver.c:          rt_bool_t stop = RT_FALSE; /* 鍋滄鏍囧織 */
..\..\..\examples\network\tcpserver.c:                    ^
..\..\..\examples\network\tcpserver.c(6): warning:  #177-D: variable "send_data" was declared but never referenced
..\..\..\examples\network\tcpserver.c:   static const char send_data[] = "This is TCP Server from RT-Thread."; /* 鍙戦�佺敤鍒扮殑鏁版嵁 */
..\..\..\examples\network\tcpserver.c:                     ^
..\..\..\examples\network\tcpserver.c: ..\..\..\examples\network\tcpserver.c: 3 warnings, 0 errors
Target not created
Build target 'RT-Thread STM32'
compiling application.c...
application.c(64): warning:  #260-D: explicit type is missing ("int" assumed)
application.c:                          extern server_m2m_sock;
application.c:                                 ^
application.c(52): warning:  #177-D: variable "readset" was declared but never referenced
application.c:          fd_set readset;
application.c:                 ^
application.c(53): warning:  #177-D: variable "ret" was declared but never referenced
application.c:          int ret;
application.c:              ^
application.c(54): warning:  #177-D: variable "timeout" was declared but never referenced
application.c:          struct timeval timeout;
application.c:                         ^
application.c: application.c: 4 warnings, 0 errors
linking...
Program Size: Code=71062 RO-data=2642 RW-data=492 ZI-data=9372  
".\obj\rtthread-stm32.axf" - 0 Error(s), 4 Warning(s).
Load "C:\\Users\\Administrator\\Desktop\\淘宝\\新建文件夹\\RT-Thread-0.3.1\\bsp\\stm3210\\project_lwip\\obj\\rtthread-stm32.AXF" 
Set JLink Project File to "C:\Users\Administrator\Desktop\淘宝\新建文件夹\RT-Thread-0.3.1\bsp\stm3210\project_lwip\JLinkSettings.ini"
 
JLink info:
------------
DLL: V4.15n, compiled Jun 18 2010 19:55:09
Firmware: J-Link ARM V8 compiled Jun 19 2012 11:29:30
Hardware: V8.00
S/N : 99999994 
Feature(s) : RDI,FlashDL,FlashBP,JFlash,GDBFULL 
 
* JLink Info: Found SWD-DP with ID 0x1BA01477
* JLink Info: TPIU fitted.
* JLink Info:   FPUnit: 6 code (BP) slots and 2 literal slots
ROMTableAddr = 0xE00FF003
 
Target info:
------------
Device: STM32F103ZE
VTarget = 3.403V
State of Pins: 
TCK: 0, TDI: 1, TDO: 1, TMS: 1, TRES: 1, TRST: 1
* JLink Info: Found SWD-DP with ID 0x1BA01477
* JLink Info: TPIU fitted.
* JLink Info:   FPUnit: 6 code (BP) slots and 2 literal slots
Hardware-Breakpoints: 6
Software-Breakpoints: 2048
Watchpoints:          4
JTAG speed: 2000 kHz
 
Full Chip Erase Done.
Programming Done.
* JLink Info: Found SWD-DP with ID 0x1BA01477
* JLink Info: TPIU fitted.
* JLink Info:   FPUnit: 6 code (BP) slots and 2 literal slots
Application running ...
Build target 'RT-Thread STM32'
compiling application.c...
application.c(64): warning:  #260-D: explicit type is missing ("int" assumed)
application.c:                          extern server_m2m_sock;
application.c:                                 ^
application.c(52): warning:  #177-D: variable "readset" was declared but never referenced
application.c:          fd_set readset;
application.c:                 ^
application.c(53): warning:  #177-D: variable "ret" was declared but never referenced
application.c:          int ret;
application.c:              ^
application.c(54): warning:  #177-D: variable "timeout" was declared but never referenced
application.c:          struct timeval timeout;
application.c:                         ^
application.c(49): warning:  #177-D: function "uart_thread" was declared but never referenced
application.c:    uart_thread(void *arg)
application.c:    ^
application.c: application.c: 5 warnings, 0 errors
linking...
Program Size: Code=69150 RO-data=2642 RW-data=492 ZI-data=9372  
".\obj\rtthread-stm32.axf" - 0 Error(s), 5 Warning(s).
Load "C:\\Users\\Administrator\\Desktop\\淘宝\\新建文件夹\\RT-Thread-0.3.1\\bsp\\stm3210\\project_lwip\\obj\\rtthread-stm32.AXF" 
Set JLink Project File to "C:\Users\Administrator\Desktop\淘宝\新建文件夹\RT-Thread-0.3.1\bsp\stm3210\project_lwip\JLinkSettings.ini"
 
JLink info:
------------
DLL: V4.15n, compiled Jun 18 2010 19:55:09
Firmware: J-Link ARM V8 compiled Jun 19 2012 11:29:30
Hardware: V8.00
S/N : 99999994 
Feature(s) : RDI,FlashDL,FlashBP,JFlash,GDBFULL 
 
* JLink Info: Found SWD-DP with ID 0x1BA01477
* JLink Info: TPIU fitted.
* JLink Info:   FPUnit: 6 code (BP) slots and 2 literal slots
ROMTableAddr = 0xE00FF003
 
Target info:
------------
Device: STM32F103ZE
VTarget = 3.403V
State of Pins: 
TCK: 0, TDI: 1, TDO: 1, TMS: 1, TRES: 1, TRST: 1
* JLink Info: Found SWD-DP with ID 0x1BA01477
* JLink Info: TPIU fitted.
* JLink Info:   FPUnit: 6 code (BP) slots and 2 literal slots
Hardware-Breakpoints: 6
Software-Breakpoints: 2048
Watchpoints:          4
JTAG speed: 2000 kHz
 
Full Chip Erase Done.
Programming Done.
* JLink Info: Found SWD-DP with ID 0x1BA01477
* JLink Info: TPIU fitted.
* JLink Info:   FPUnit: 6 code (BP) slots and 2 literal slots
Application running ...
Build target 'RT-Thread STM32'
linking...
Program Size: Code=69150 RO-data=2642 RW-data=492 ZI-data=9372  
".\obj\rtthread-stm32.axf" - 0 Error(s), 0 Warning(s).
Load "C:\\Users\\Administrator\\Desktop\\淘宝\\新建文件夹\\RT-Thread-0.3.1\\bsp\\stm3210\\project_lwip\\obj\\rtthread-stm32.AXF" 
Set JLink Project File to "C:\Users\Administrator\Desktop\淘宝\新建文件夹\RT-Thread-0.3.1\bsp\stm3210\project_lwip\JLinkSettings.ini"
 
JLink info:
------------
DLL: V4.15n, compiled Jun 18 2010 19:55:09
Firmware: J-Link ARM V8 compiled Jun 19 2012 11:29:30
Hardware: V8.00
S/N : 99999994 
Feature(s) : RDI,FlashDL,FlashBP,JFlash,GDBFULL 
 
* JLink Info: Found SWD-DP with ID 0x1BA01477
* JLink Info: TPIU fitted.
* JLink Info:   FPUnit: 6 code (BP) slots and 2 literal slots
ROMTableAddr = 0xE00FF003
 
Target info:
------------
Device: STM32F103ZE
VTarget = 3.403V
State of Pins: 
TCK: 0, TDI: 1, TDO: 1, TMS: 1, TRES: 1, TRST: 1
* JLink Info: Found SWD-DP with ID 0x1BA01477
* JLink Info: TPIU fitted.
* JLink Info:   FPUnit: 6 code (BP) slots and 2 literal slots
Hardware-Breakpoints: 6
Software-Breakpoints: 2048
Watchpoints:          4
JTAG speed: 2000 kHz
 
Full Chip Erase Done.
Programming Done.
* JLink Info: Found SWD-DP with ID 0x1BA01477
* JLink Info: TPIU fitted.
* JLink Info:   FPUnit: 6 code (BP) slots and 2 literal slots
Application running ...
Build target 'RT-Thread STM32'
compiling application.c...
application.c(64): warning:  #260-D: explicit type is missing ("int" assumed)
application.c:                          extern server_m2m_sock;
application.c:                                 ^
application.c(52): warning:  #177-D: variable "readset" was declared but never referenced
application.c:          fd_set readset;
application.c:                 ^
application.c(53): warning:  #177-D: variable "ret" was declared but never referenced
application.c:          int ret;
application.c:              ^
application.c(54): warning:  #177-D: variable "timeout" was declared but never referenced
application.c:          struct timeval timeout;
application.c:                         ^
application.c: application.c: 4 warnings, 0 errors
linking...
Program Size: Code=71062 RO-data=2642 RW-data=492 ZI-data=9372  
".\obj\rtthread-stm32.axf" - 0 Error(s), 4 Warning(s).
Load "C:\\Users\\Administrator\\Desktop\\淘宝\\新建文件夹\\RT-Thread-0.3.1\\bsp\\stm3210\\project_lwip\\obj\\rtthread-stm32.AXF" 
Set JLink Project File to "C:\Users\Administrator\Desktop\淘宝\新建文件夹\RT-Thread-0.3.1\bsp\stm3210\project_lwip\JLinkSettings.ini"
 
JLink info:
------------
DLL: V4.15n, compiled Jun 18 2010 19:55:09
Firmware: J-Link ARM V8 compiled Jun 19 2012 11:29:30
Hardware: V8.00
S/N : 99999994 
Feature(s) : RDI,FlashDL,FlashBP,JFlash,GDBFULL 
 
* JLink Info: Found SWD-DP with ID 0x1BA01477
* JLink Info: TPIU fitted.
* JLink Info:   FPUnit: 6 code (BP) slots and 2 literal slots
ROMTableAddr = 0xE00FF003
 
Target info:
------------
Device: STM32F103ZE
VTarget = 3.403V
State of Pins: 
TCK: 0, TDI: 1, TDO: 1, TMS: 1, TRES: 1, TRST: 1
* JLink Info: Found SWD-DP with ID 0x1BA01477
* JLink Info: TPIU fitted.
* JLink Info:   FPUnit: 6 code (BP) slots and 2 literal slots
Hardware-Breakpoints: 6
Software-Breakpoints: 2048
Watchpoints:          4
JTAG speed: 2000 kHz
 
Full Chip Erase Done.
Programming Done.
* JLink Info: Found SWD-DP with ID 0x1BA01477
* JLink Info: TPIU fitted.
* JLink Info:   FPUnit: 6 code (BP) slots and 2 literal slots
Application running ...
Build target 'RT-Thread STM32'
compiling usart.c...
compiling serial.c...
linking...
Program Size: Code=71118 RO-data=2642 RW-data=492 ZI-data=11356  
".\obj\rtthread-stm32.axf" - 0 Error(s), 0 Warning(s).
Load "C:\\Users\\Administrator\\Desktop\\淘宝\\新建文件夹\\RT-Thread-0.3.1\\bsp\\stm3210\\project_lwip\\obj\\rtthread-stm32.AXF" 
Set JLink Project File to "C:\Users\Administrator\Desktop\淘宝\新建文件夹\RT-Thread-0.3.1\bsp\stm3210\project_lwip\JLinkSettings.ini"
 
JLink info:
------------
DLL: V4.15n, compiled Jun 18 2010 19:55:09
Firmware: J-Link ARM V8 compiled Jun 19 2012 11:29:30
Hardware: V8.00
S/N : 99999994 
Feature(s) : RDI,FlashDL,FlashBP,JFlash,GDBFULL 
 
* JLink Info: Found SWD-DP with ID 0x1BA01477
* JLink Info: TPIU fitted.
* JLink Info:   FPUnit: 6 code (BP) slots and 2 literal slots
ROMTableAddr = 0xE00FF003
 
Target info:
------------
Device: STM32F103ZE
VTarget = 3.403V
State of Pins: 
TCK: 0, TDI: 1, TDO: 1, TMS: 1, TRES: 1, TRST: 1
* JLink Info: Found SWD-DP with ID 0x1BA01477
* JLink Info: TPIU fitted.
* JLink Info:   FPUnit: 6 code (BP) slots and 2 literal slots
Hardware-Breakpoints: 6
Software-Breakpoints: 2048
Watchpoints:          4
JTAG speed: 2000 kHz
 
Full Chip Erase Done.
Programming Done.
* JLink Info: Found SWD-DP with ID 0x1BA01477
* JLink Info: TPIU fitted.
* JLink Info:   FPUnit: 6 code (BP) slots and 2 literal slots
Application running ...
Build target 'RT-Thread STM32'
compiling usart.c...
compiling serial.c...
linking...
Program Size: Code=71118 RO-data=2642 RW-data=492 ZI-data=10332  
".\obj\rtthread-stm32.axf" - 0 Error(s), 0 Warning(s).
Load "C:\\Users\\Administrator\\Desktop\\淘宝\\新建文件夹\\RT-Thread-0.3.1\\bsp\\stm3210\\project_lwip\\obj\\rtthread-stm32.AXF" 
Set JLink Project File to "C:\Users\Administrator\Desktop\淘宝\新建文件夹\RT-Thread-0.3.1\bsp\stm3210\project_lwip\JLinkSettings.ini"
 
JLink info:
------------
DLL: V4.15n, compiled Jun 18 2010 19:55:09
Firmware: J-Link ARM V8 compiled Jun 19 2012 11:29:30
Hardware: V8.00
S/N : 99999994 
Feature(s) : RDI,FlashDL,FlashBP,JFlash,GDBFULL 
 
* JLink Info: Found SWD-DP with ID 0x1BA01477
* JLink Info: TPIU fitted.
* JLink Info:   FPUnit: 6 code (BP) slots and 2 literal slots
ROMTableAddr = 0xE00FF003
 
Target info:
------------
Device: STM32F103ZE
VTarget = 3.403V
State of Pins: 
TCK: 0, TDI: 1, TDO: 1, TMS: 1, TRES: 1, TRST: 1
* JLink Info: Found SWD-DP with ID 0x1BA01477
* JLink Info: TPIU fitted.
* JLink Info:   FPUnit: 6 code (BP) slots and 2 literal slots
Hardware-Breakpoints: 6
Software-Breakpoints: 2048
Watchpoints:          4
JTAG speed: 2000 kHz
 
Full Chip Erase Done.
Programming Done.
* JLink Info: Found SWD-DP with ID 0x1BA01477
* JLink Info: TPIU fitted.
* JLink Info:   FPUnit: 6 code (BP) slots and 2 literal slots
Application running ...
Build target 'RT-Thread STM32'
compiling enc28j60.c...
enc28j60.c(214): warning:  #550-D: variable "duplex" was set but never used
enc28j60.c:     int duplex;
enc28j60.c:         ^
enc28j60.c(211): warning:  #177-D: function "enc28j60_check_link_status" was declared but never referenced
enc28j60.c:   static rt_bool_t enc28j60_check_link_status()
enc28j60.c:                    ^
enc28j60.c(693): warning:  #177-D: function "NVIC_Configuration" was declared but never referenced
enc28j60.c:   static void NVIC_Configuration(void)
enc28j60.c:               ^
enc28j60.c: enc28j60.c: 3 warnings, 0 errors
linking...
.\obj\rtthread-stm32.axf: Error: L6218E: Undefined symbol USART_printf (referred from enc28j60.o).
.\obj\rtthread-stm32.axf: Not enough information to list image symbols.
.\obj\rtthread-stm32.axf: Finished: 1 information, 0 warning and 1 error messages.
Target not created
Build target 'RT-Thread STM32'
linking...
.\obj\rtthread-stm32.axf: Error: L6218E: Undefined symbol USART_printf (referred from enc28j60.o).
.\obj\rtthread-stm32.axf: Not enough information to list image symbols.
.\obj\rtthread-stm32.axf: Finished: 1 information, 0 warning and 1 error messages.
Target not created
Build target 'RT-Thread STM32'
linking...
.\obj\rtthread-stm32.axf: Error: L6218E: Undefined symbol USART_printf (referred from enc28j60.o).
.\obj\rtthread-stm32.axf: Not enough information to list image symbols.
.\obj\rtthread-stm32.axf: Finished: 1 information, 0 warning and 1 error messages.
Target not created
Build target 'RT-Thread STM32'
compiling enc28j60.c...
enc28j60.c(214): warning:  #550-D: variable "duplex" was set but never used
enc28j60.c:     int duplex;
enc28j60.c:         ^
enc28j60.c(211): warning:  #177-D: function "enc28j60_check_link_status" was declared but never referenced
enc28j60.c:   static rt_bool_t enc28j60_check_link_status()
enc28j60.c:                    ^
enc28j60.c(693): warning:  #177-D: function "NVIC_Configuration" was declared but never referenced
enc28j60.c:   static void NVIC_Configuration(void)
enc28j60.c:               ^
enc28j60.c: enc28j60.c: 3 warnings, 0 errors
linking...
Program Size: Code=71174 RO-data=2642 RW-data=492 ZI-data=10332  
".\obj\rtthread-stm32.axf" - 0 Error(s), 3 Warning(s).
Load "C:\\Users\\Administrator\\Desktop\\淘宝\\新建文件夹\\RT-Thread-0.3.1\\bsp\\stm3210\\project_lwip\\obj\\rtthread-stm32.AXF" 
Set JLink Project File to "C:\Users\Administrator\Desktop\淘宝\新建文件夹\RT-Thread-0.3.1\bsp\stm3210\project_lwip\JLinkSettings.ini"
 
JLink info:
------------
DLL: V4.15n, compiled Jun 18 2010 19:55:09
Firmware: J-Link ARM V8 compiled Jun 19 2012 11:29:30
Hardware: V8.00
S/N : 99999994 
Feature(s) : RDI,FlashDL,FlashBP,JFlash,GDBFULL 
 
* JLink Info: Found SWD-DP with ID 0x1BA01477
* JLink Info: TPIU fitted.
* JLink Info:   FPUnit: 6 code (BP) slots and 2 literal slots
ROMTableAddr = 0xE00FF003
 
Target info:
------------
Device: STM32F103ZE
VTarget = 3.403V
State of Pins: 
TCK: 0, TDI: 1, TDO: 1, TMS: 1, TRES: 1, TRST: 1
* JLink Info: Found SWD-DP with ID 0x1BA01477
* JLink Info: TPIU fitted.
* JLink Info:   FPUnit: 6 code (BP) slots and 2 literal slots
Hardware-Breakpoints: 6
Software-Breakpoints: 2048
Watchpoints:          4
JTAG speed: 2000 kHz
 
Full Chip Erase Done.
Programming Done.
* JLink Info: Found SWD-DP with ID 0x1BA01477
* JLink Info: TPIU fitted.
* JLink Info:   FPUnit: 6 code (BP) slots and 2 literal slots
Application running ...
