ARM Linker, 4.1 [Build 481] [Standard]

==============================================================================

Section Cross References

    stm32f10x_it.o(i.EXTI0_IRQHandler) refers to irq.o(i.rt_interrupt_enter) for rt_interrupt_enter
    stm32f10x_it.o(i.EXTI0_IRQHandler) refers to enc28j60.o(i.enc28j60_isr) for enc28j60_isr
    stm32f10x_it.o(i.EXTI0_IRQHandler) refers to stm32f10x_exti.o(i.EXTI_ClearITPendingBit) for EXTI_ClearITPendingBit
    stm32f10x_it.o(i.EXTI0_IRQHandler) refers to irq.o(i.rt_interrupt_leave) for rt_interrupt_leave
    stm32f10x_it.o(i.USART1_IRQHandler) refers to irq.o(i.rt_interrupt_enter) for rt_interrupt_enter
    stm32f10x_it.o(i.USART1_IRQHandler) refers to serial.o(i.rt_hw_serial_isr) for rt_hw_serial_isr
    stm32f10x_it.o(i.USART1_IRQHandler) refers to irq.o(i.rt_interrupt_leave) for rt_interrupt_leave
    stm32f10x_it.o(i.USART1_IRQHandler) refers to usart.o(.bss) for uart1_device
    board.o(i.NVIC_Configuration) refers to misc.o(i.NVIC_SetVectorTable) for NVIC_SetVectorTable
    board.o(i.NVIC_Configuration) refers to misc.o(i.NVIC_PriorityGroupConfig) for NVIC_PriorityGroupConfig
    board.o(i.SysTick_Configuration) refers to stm32f10x_rcc.o(i.RCC_GetClocksFreq) for RCC_GetClocksFreq
    board.o(i.SysTick_Configuration) refers to misc.o(i.SysTick_CLKSourceConfig) for SysTick_CLKSourceConfig
    board.o(i.rt_hw_board_init) refers to board.o(i.NVIC_Configuration) for NVIC_Configuration
    board.o(i.rt_hw_board_init) refers to board.o(i.SysTick_Configuration) for SysTick_Configuration
    board.o(i.rt_hw_board_init) refers to usart.o(i.rt_hw_usart_init) for rt_hw_usart_init
    board.o(i.rt_hw_board_init) refers to kservice.o(i.rt_console_set_device) for rt_console_set_device
    board.o(i.rt_hw_timer_handler) refers to irq.o(i.rt_interrupt_enter) for rt_interrupt_enter
    board.o(i.rt_hw_timer_handler) refers to clock.o(i.rt_tick_increase) for rt_tick_increase
    board.o(i.rt_hw_timer_handler) refers to irq.o(i.rt_interrupt_leave) for rt_interrupt_leave
    application.o(i.rt_application_init) refers to thread.o(i.rt_thread_create) for rt_thread_create
    application.o(i.rt_application_init) refers to thread.o(i.rt_thread_startup) for rt_thread_startup
    application.o(i.rt_application_init) refers to application.o(i.rt_init_thread_entry) for rt_init_thread_entry
    application.o(i.rt_init_thread_entry) refers to ethernetif.o(i.eth_system_device_init) for eth_system_device_init
    application.o(i.rt_init_thread_entry) refers to kservice.o(i.rt_kprintf) for rt_kprintf
    application.o(i.rt_init_thread_entry) refers to enc28j60.o(i.rt_hw_enc28j60_init) for rt_hw_enc28j60_init
    application.o(i.rt_init_thread_entry) refers to device.o(i.rt_device_init_all) for rt_device_init_all
    application.o(i.rt_init_thread_entry) refers to sys_arch_init.o(i.lwip_sys_init) for lwip_sys_init
    application.o(i.rt_init_thread_entry) refers to ipc.o(i.rt_mutex_init) for rt_mutex_init
    application.o(i.rt_init_thread_entry) refers to sys_arch.o(i.sys_thread_new) for sys_thread_new
    application.o(i.rt_init_thread_entry) refers to application.o(.bss) for socket_data_buf_mutex
    application.o(i.rt_init_thread_entry) refers to application.o(i.tcp_server_thread) for tcp_server_thread
    application.o(i.rt_init_thread_entry) refers to application.o(i.uart_thread) for uart_thread
    application.o(i.tcp_server_thread) refers to tcpserver.o(i.tcpserv) for tcpserv
    application.o(i.uart_thread) refers to device.o(i.rt_device_read) for rt_device_read
    application.o(i.uart_thread) refers to ipc.o(i.rt_mutex_take) for rt_mutex_take
    application.o(i.uart_thread) refers to sockets.o(i.lwip_send) for lwip_send
    application.o(i.uart_thread) refers to ipc.o(i.rt_mutex_release) for rt_mutex_release
    application.o(i.uart_thread) refers to rt_memclr_w.o(.text) for __aeabi_memclr4
    application.o(i.uart_thread) refers to thread.o(i.rt_thread_delay) for rt_thread_delay
    application.o(i.uart_thread) refers to application.o(.bss) for rx_buf
    application.o(i.uart_thread) refers to usart.o(.bss) for uart1_device
    application.o(i.uart_thread) refers to tcpserver.o(.data) for server_m2m_sock
    startup.o(i.main) refers to context_rvds.o(.text) for rt_hw_interrupt_disable
    startup.o(i.main) refers to system_stm32f10x.o(i.SystemInit) for SystemInit
    startup.o(i.main) refers to startup.o(i.rtthread_startup) for rtthread_startup
    startup.o(i.rtthread_startup) refers to board.o(i.rt_hw_board_init) for rt_hw_board_init
    startup.o(i.rtthread_startup) refers to kservice.o(i.rt_show_version) for rt_show_version
    startup.o(i.rtthread_startup) refers to clock.o(i.rt_system_tick_init) for rt_system_tick_init
    startup.o(i.rtthread_startup) refers to object.o(i.rt_system_object_init) for rt_system_object_init
    startup.o(i.rtthread_startup) refers to timer.o(i.rt_system_timer_init) for rt_system_timer_init
[...]
    enc28j60_control                         0x080034fd   Thumb Code    42  enc28j60.o(i.enc28j60_control)
    enc28j60_init                            0x0800352d   Thumb Code   388  enc28j60.o(i.enc28j60_init)
    enc28j60_isr                             0x080036f1   Thumb Code    84  enc28j60.o(i.enc28j60_isr)
    enc28j60_open                            0x08003749   Thumb Code     6  enc28j60.o(i.enc28j60_open)
    enc28j60_phy_write                       0x0800374f   Thumb Code    52  enc28j60.o(i.enc28j60_phy_write)
    enc28j60_read                            0x08003783   Thumb Code    26  enc28j60.o(i.enc28j60_read)
    enc28j60_rx                              0x0800379d   Thumb Code   344  enc28j60.o(i.enc28j60_rx)
    enc28j60_set_bank                        0x08003909   Thumb Code    48  enc28j60.o(i.enc28j60_set_bank)
    enc28j60_tx                              0x0800393d   Thumb Code   216  enc28j60.o(i.enc28j60_tx)
    enc28j60_write                           0x08003a25   Thumb Code    26  enc28j60.o(i.enc28j60_write)
    eth_device_init                          0x08003af9   Thumb Code   170  ethernetif.o(i.eth_device_init)
    eth_device_ready                         0x08003bd5   Thumb Code    14  ethernetif.o(i.eth_device_ready)
    eth_init                                 0x08003be9   Thumb Code     6  ethernetif.o(i.eth_init)
    eth_input                                0x08003bef   Thumb Code    98  ethernetif.o(i.eth_input)
    eth_isr_thread_entry                     0x08003c51   Thumb Code     8  ethernetif.o(i.eth_isr_thread_entry)
    eth_rx_thread_entry                      0x08003c59   Thumb Code    52  ethernetif.o(i.eth_rx_thread_entry)
    eth_system_device_init                   0x08003c91   Thumb Code   362  ethernetif.o(i.eth_system_device_init)
    eth_tx_thread_entry                      0x08003ead   Thumb Code   112  ethernetif.o(i.eth_tx_thread_entry)
    etharp_arp_input                         0x08003f8d   Thumb Code   354  etharp.o(i.etharp_arp_input)
    etharp_ip_input                          0x0800412d   Thumb Code    76  etharp.o(i.etharp_ip_input)
    etharp_output                            0x080041b1   Thumb Code   190  etharp.o(i.etharp_output)
    etharp_query                             0x08004275   Thumb Code   460  etharp.o(i.etharp_query)
    etharp_request                           0x080045f9   Thumb Code    36  etharp.o(i.etharp_request)
    etharp_tmr                               0x080046ad   Thumb Code   154  etharp.o(i.etharp_tmr)
    ethernet_input                           0x0800474d   Thumb Code   126  etharp.o(i.ethernet_input)
    ethernetif_linkoutput                    0x08004819   Thumb Code    38  ethernetif.o(i.ethernetif_linkoutput)
    ethernetif_output                        0x08004845   Thumb Code    20  ethernetif.o(i.ethernetif_output)
    htonl                                    0x08004d25   Thumb Code    26  inet.o(i.htonl)
    htons                                    0x08004d3f   Thumb Code    12  inet.o(i.htons)
    icmp_dest_unreach                        0x08004d4b   Thumb Code    18  icmp.o(i.icmp_dest_unreach)
    icmp_input                               0x08004d5d   Thumb Code   516  icmp.o(i.icmp_input)
    icmp_time_exceeded                       0x0800514d   Thumb Code    18  icmp.o(i.icmp_time_exceeded)
    inet_addr                                0x0800515f   Thumb Code    24  inet.o(i.inet_addr)
    inet_aton                                0x08005177   Thumb Code   336  inet.o(i.inet_aton)
    inet_chksum                              0x080052c7   Thumb Code    20  inet_chksum.o(i.inet_chksum)
    inet_chksum_pbuf                         0x080052db   Thumb Code    86  inet_chksum.o(i.inet_chksum_pbuf)
    inet_chksum_pseudo                       0x08005331   Thumb Code   162  inet_chksum.o(i.inet_chksum_pseudo)
    inet_chksum_pseudo_partial               0x080053d5   Thumb Code   210  inet_chksum.o(i.inet_chksum_pseudo_partial)
    inet_ntoa                                0x080054e5   Thumb Code   112  inet.o(i.inet_ntoa)
    ip_addr_isbroadcast                      0x08005559   Thumb Code    78  ip_addr.o(i.ip_addr_isbroadcast)
    ip_frag                                  0x080055a9   Thumb Code   326  ip_frag.o(i.ip_frag)
    ip_input                                 0x080056f5   Thumb Code   470  ip.o(i.ip_input)
    ip_output                                0x080058d9   Thumb Code    52  ip.o(i.ip_output)
    ip_output_if                             0x0800590d   Thumb Code   300  ip.o(i.ip_output_if)
    ip_reass                                 0x08005a95   Thumb Code   394  ip_frag.o(i.ip_reass)
    ip_reass_tmr                             0x0800619d   Thumb Code    48  ip_frag.o(i.ip_reass_tmr)
    ip_route                                 0x080061d1   Thumb Code    70  ip.o(i.ip_route)
    lwip_accept                              0x08006221   Thumb Code   408  sockets.o(i.lwip_accept)
    lwip_bind                                0x08006439   Thumb Code   146  sockets.o(i.lwip_bind)
    lwip_close                               0x08006511   Thumb Code    70  sockets.o(i.lwip_close)
    lwip_init                                0x0800655d   Thumb Code    16  init.o(i.lwip_init)
    lwip_listen                              0x0800656d   Thumb Code    92  sockets.o(i.lwip_listen)
    lwip_recv                                0x080065cd   Thumb Code    34  sockets.o(i.lwip_recv)
    lwip_recvfrom                            0x080065f1   Thumb Code   492  sockets.o(i.lwip_recvfrom)
    lwip_select                              0x0800682d   Thumb Code   448  sockets.o(i.lwip_select)
    lwip_send                                0x08006ad1   Thumb Code   124  sockets.o(i.lwip_send)
    lwip_sendto                              0x08006b51   Thumb Code   250  sockets.o(i.lwip_sendto)
    lwip_setsockopt                          0x08006cb9   Thumb Code   346  sockets.o(i.lwip_setsockopt)
    lwip_socket                              0x08006fc5   Thumb Code   122  sockets.o(i.lwip_socket)
    lwip_socket_init                         0x08007045   Thumb Code    24  sockets.o(i.lwip_socket_init)
    lwip_sys_init                            0x080070b1   Thumb Code   158  sys_arch_init.o(i.lwip_sys_init)
    main                                     0x0800718d   Thumb Code    20  startup.o(i.main)
    memp_free                                0x080071a5   Thumb Code    30  memp.o(i.memp_free)
    memp_malloc                              0x080071c9   Thumb Code    48  memp.o(i.memp_malloc)
    netbuf_delete                            0x08007201   Thumb Code    32  netbuf.o(i.netbuf_delete)
    netbuf_free                              0x08007221   Thumb Code    46  netbuf.o(i.netbuf_free)
    netbuf_ref                               0x08007291   Thumb Code    88  netbuf.o(i.netbuf_ref)
    netconn_accept                           0x08007325   Thumb Code    94  api_lib.o(i.netconn_accept)
    netconn_alloc                            0x080073ed   Thumb Code   160  api_msg.o(i.netconn_alloc)
    netconn_bind                             0x080074d9   Thumb Code    62  api_lib.o(i.netconn_bind)
    netconn_delete                           0x0800755d   Thumb Code    40  api_lib.o(i.netconn_delete)
    netconn_free                             0x08007589   Thumb Code   134  api_msg.o(i.netconn_free)
    netconn_getaddr                          0x08007665   Thumb Code   118  api_lib.o(i.netconn_getaddr)
    netconn_listen_with_backlog              0x08007765   Thumb Code    54  api_lib.o(i.netconn_listen_with_backlog)
    netconn_new_with_proto_and_callback      0x080077e5   Thumb Code   164  api_lib.o(i.netconn_new_with_proto_and_callback)
    netconn_recv                             0x0800792d   Thumb Code   312  api_lib.o(i.netconn_recv)
    netconn_send                             0x08007aa9   Thumb Code    58  api_lib.o(i.netconn_send)
    netconn_write                            0x08007b29   Thumb Code   100  api_lib.o(i.netconn_write)
    netif_add                                0x08007bf5   Thumb Code    98  netif.o(i.netif_add)
    netif_is_up                              0x08007c61   Thumb Code    12  netif.o(i.netif_is_up)
    netif_loop_output                        0x08007c6d   Thumb Code   124  netif.o(i.netif_loop_output)
    netif_poll                               0x08007d3d   Thumb Code   124  netif.o(i.netif_poll)
    netif_set_addr                           0x08007e35   Thumb Code    40  netif.o(i.netif_set_addr)
    netif_set_default                        0x08007e5d   Thumb Code     6  netif.o(i.netif_set_default)
    netif_set_down                           0x08007e69   Thumb Code    24  netif.o(i.netif_set_down)
    netif_set_gw                             0x08007e81   Thumb Code    12  netif.o(i.netif_set_gw)
    netif_set_ipaddr                         0x08007e8d   Thumb Code   110  netif.o(i.netif_set_ipaddr)
    netif_set_netmask                        0x08007f05   Thumb Code    12  netif.o(i.netif_set_netmask)
    netif_set_up                             0x08007f11   Thumb Code    44  netif.o(i.netif_set_up)
    ntohl                                    0x08007f3d   Thumb Code    12  inet.o(i.ntohl)
    ntohs                                    0x08007f49   Thumb Code    12  inet.o(i.ntohs)
    pbuf_alloc                               0x08007f55   Thumb Code   640  pbuf.o(i.pbuf_alloc)
    pbuf_cat                                 0x08008339   Thumb Code   118  pbuf.o(i.pbuf_cat)
    pbuf_chain                               0x0800844d   Thumb Code    22  pbuf.o(i.pbuf_chain)
    pbuf_clen                                0x08008463   Thumb Code    18  pbuf.o(i.pbuf_clen)
    pbuf_copy                                0x08008475   Thumb Code   292  pbuf.o(i.pbuf_copy)
    pbuf_copy_partial                        0x0800865d   Thumb Code   178  pbuf.o(i.pbuf_copy_partial)
    pbuf_free                                0x08008779   Thumb Code   188  pbuf.o(i.pbuf_free)
    pbuf_header                              0x080088c9   Thumb Code   186  pbuf.o(i.pbuf_header)
    pbuf_realloc                             0x08008a11   Thumb Code   234  pbuf.o(i.pbuf_realloc)
    pbuf_ref                                 0x08008b9d   Thumb Code    10  pbuf.o(i.pbuf_ref)
    raw_bind                                 0x08008fa1   Thumb Code    16  raw.o(i.raw_bind)
    raw_input                                0x08008fb1   Thumb Code   100  raw.o(i.raw_input)
    raw_new                                  0x08009019   Thumb Code    42  raw.o(i.raw_new)
    raw_recv                                 0x08009049   Thumb Code     6  raw.o(i.raw_recv)
    raw_remove                               0x08009051   Thumb Code    60  raw.o(i.raw_remove)
    raw_send                                 0x08009091   Thumb Code    18  raw.o(i.raw_send)
    raw_sendto                               0x080090a5   Thumb Code   166  raw.o(i.raw_sendto)
    rt_application_init                      0x0800948d   Thumb Code    36  application.o(i.rt_application_init)
    rt_console_set_device                    0x080094bd   Thumb Code    48  kservice.o(i.rt_console_set_device)
    rt_device_close                          0x080094f1   Thumb Code    62  device.o(i.rt_device_close)
    rt_device_control                        0x08009565   Thumb Code    62  device.o(i.rt_device_control)
    rt_device_find                           0x080095d9   Thumb Code    76  device.o(i.rt_device_find)
    rt_device_init_all                       0x08009629   Thumb Code    74  device.o(i.rt_device_init_all)
    rt_device_open                           0x080096b1   Thumb Code   136  device.o(i.rt_device_open)
    rt_device_read                           0x080097a5   Thumb Code    72  device.o(i.rt_device_read)
    rt_device_register                       0x08009821   Thumb Code    32  device.o(i.rt_device_register)
    rt_device_unregister                     0x08009841   Thumb Code    38  device.o(i.rt_device_unregister)
    rt_device_write                          0x0800989d   Thumb Code    72  device.o(i.rt_device_write)
    rt_enter_critical                        0x08009919   Thumb Code    28  scheduler.o(i.rt_enter_critical)
    rt_exit_critical                         0x08009939   Thumb Code    54  scheduler.o(i.rt_exit_critical)
    rt_free                                  0x08009975   Thumb Code   228  mem.o(i.rt_free)
    rt_hw_board_init                         0x08009aed   Thumb Code    22  board.o(i.rt_hw_board_init)
    rt_hw_console_output                     0x08009b0d   Thumb Code     2  kservice.o(i.rt_hw_console_output)
    rt_hw_enc28j60_init                      0x08009b11   Thumb Code   110  enc28j60.o(i.rt_hw_enc28j60_init)
    rt_hw_hard_fault_exception               0x08009bb9   Thumb Code    80  fault.o(i.rt_hw_hard_fault_exception)
    rt_hw_serial_isr                         0x08009ca9   Thumb Code   244  serial.o(i.rt_hw_serial_isr)
    rt_hw_serial_register                    0x08009de9   Thumb Code   134  serial.o(i.rt_hw_serial_register)
    rt_hw_stack_init                         0x08009ec5   Thumb Code   106  stack.o(i.rt_hw_stack_init)
    rt_hw_timer_handler                      0x08009f2f   Thumb Code    16  board.o(i.rt_hw_timer_handler)
    rt_hw_usart_init                         0x08009f41   Thumb Code   120  usart.o(i.rt_hw_usart_init)
    rt_init_thread_entry                     0x08009fcd   Thumb Code    86  application.o(i.rt_init_thread_entry)
    rt_interrupt_enter                       0x0800a091   Thumb Code    26  irq.o(i.rt_interrupt_enter)
    rt_interrupt_leave                       0x0800a0b1   Thumb Code    26  irq.o(i.rt_interrupt_leave)
    rt_kprintf                               0x0800a199   Thumb Code    56  kservice.o(i.rt_kprintf)
    rt_malloc                                0x0800a279   Thumb Code   496  mem.o(i.rt_malloc)
    rt_mb_create                             0x0800a505   Thumb Code    74  ipc.o(i.rt_mb_create)
    rt_mb_delete                             0x0800a551   Thumb Code    52  ipc.o(i.rt_mb_delete)
    rt_mb_init                               0x0800a5b9   Thumb Code    82  ipc.o(i.rt_mb_init)
    rt_mb_recv                               0x0800a641   Thumb Code   222  ipc.o(i.rt_mb_recv)
    rt_mb_send                               0x0800a755   Thumb Code   136  ipc.o(i.rt_mb_send)
    rt_memcpy                                0x0800a811   Thumb Code   120  kservice.o(i.rt_memcpy)
    rt_memset                                0x0800a889   Thumb Code    72  kservice.o(i.rt_memset)
    rt_mp_alloc                              0x0800a8d1   Thumb Code   162  mempool.o(i.rt_mp_alloc)
    rt_mp_init                               0x0800a975   Thumb Code   138  mempool.o(i.rt_mp_init)
    rt_mutex_init                            0x0800aa35   Thumb Code    74  ipc.o(i.rt_mutex_init)
    rt_mutex_release                         0x0800aab9   Thumb Code   152  ipc.o(i.rt_mutex_release)
    rt_mutex_take                            0x0800ab51   Thumb Code   208  ipc.o(i.rt_mutex_take)
    rt_object_allocate                       0x0800ac59   Thumb Code    76  object.o(i.rt_object_allocate)
    rt_object_delete                         0x0800aca9   Thumb Code    90  object.o(i.rt_object_delete)
    rt_object_detach                         0x0800ad69   Thumb Code    50  object.o(i.rt_object_detach)
    rt_object_init                           0x0800add5   Thumb Code    64  object.o(i.rt_object_init)
    rt_object_is_systemobject                0x0800ae19   Thumb Code    48  object.o(i.rt_object_is_systemobject)
    rt_schedule                              0x0800ae81   Thumb Code   192  scheduler.o(i.rt_schedule)
    rt_schedule_insert_thread                0x0800af5d   Thumb Code    90  scheduler.o(i.rt_schedule_insert_thread)
    rt_schedule_remove_thread                0x0800aff9   Thumb Code   102  scheduler.o(i.rt_schedule_remove_thread)
    rt_sem_create                            0x0800b0a1   Thumb Code    42  ipc.o(i.rt_sem_create)
    rt_sem_delete                            0x0800b0cd   Thumb Code    46  ipc.o(i.rt_sem_delete)
    rt_sem_init                              0x0800b131   Thumb Code    66  ipc.o(i.rt_sem_init)
    rt_sem_release                           0x0800b1a9   Thumb Code    56  ipc.o(i.rt_sem_release)
    rt_sem_take                              0x0800b1e1   Thumb Code   142  ipc.o(i.rt_sem_take)
    rt_set_errno                             0x0800b669   Thumb Code    24  kservice.o(i.rt_set_errno)
    rt_show_version                          0x0800b685   Thumb Code    34  kservice.o(i.rt_show_version)
    rt_snprintf                              0x0800b72d   Thumb Code    34  kservice.o(i.rt_snprintf)
    rt_strlen                                0x0800b74f   Thumb Code    18  kservice.o(i.rt_strlen)
    rt_strncmp                               0x0800b761   Thumb Code    40  kservice.o(i.rt_strncmp)
    rt_system_heap_init                      0x0800b789   Thumb Code   160  mem.o(i.rt_system_heap_init)
    rt_system_object_init                    0x0800b881   Thumb Code     2  object.o(i.rt_system_object_init)
    rt_system_scheduler_init                 0x0800b885   Thumb Code    52  scheduler.o(i.rt_system_scheduler_init)
    rt_system_scheduler_start                0x0800b8d1   Thumb Code   120  scheduler.o(i.rt_system_scheduler_start)
    rt_system_tick_init                      0x0800b959   Thumb Code     8  clock.o(i.rt_system_tick_init)
    rt_system_timer_init                     0x0800b965   Thumb Code    16  timer.o(i.rt_system_timer_init)
    rt_system_timer_thread_init              0x0800b97d   Thumb Code     2  timer.o(i.rt_system_timer_thread_init)
    rt_thread_control                        0x0800b981   Thumb Code   140  thread.o(i.rt_thread_control)
    rt_thread_create                         0x0800ba45   Thumb Code    84  thread.o(i.rt_thread_create)
    rt_thread_delay                          0x0800ba99   Thumb Code    12  thread.o(i.rt_thread_delay)
    rt_thread_delete                         0x0800baa5   Thumb Code    76  thread.o(i.rt_thread_delete)
    rt_thread_idle_init                      0x0800bbdd   Thumb Code    34  idle.o(i.rt_thread_idle_init)
    rt_thread_init                           0x0800bc15   Thumb Code   144  thread.o(i.rt_thread_init)
    rt_thread_resume                         0x0800bd25   Thumb Code    94  thread.o(i.rt_thread_resume)
    rt_thread_self                           0x0800bdbd   Thumb Code     6  thread.o(i.rt_thread_self)
    rt_thread_sleep                          0x0800bdc9   Thumb Code    86  thread.o(i.rt_thread_sleep)
    rt_thread_startup                        0x0800be5d   Thumb Code    96  thread.o(i.rt_thread_startup)
    rt_thread_suspend                        0x0800bf15   Thumb Code    72  thread.o(i.rt_thread_suspend)
    rt_thread_timeout                        0x0800bf95   Thumb Code    90  thread.o(i.rt_thread_timeout)
    rt_thread_yield                          0x0800c04d   Thumb Code    88  thread.o(i.rt_thread_yield)
    rt_tick_get                              0x0800c0ad   Thumb Code     6  clock.o(i.rt_tick_get)
    rt_tick_increase                         0x0800c0b9   Thumb Code    62  clock.o(i.rt_tick_increase)
    rt_timer_check                           0x0800c0fd   Thumb Code   114  timer.o(i.rt_timer_check)
    rt_timer_control                         0x0800c175   Thumb Code    92  timer.o(i.rt_timer_control)
    rt_timer_detach                          0x0800c209   Thumb Code    58  timer.o(i.rt_timer_detach)
    rt_timer_init                            0x0800c27d   Thumb Code    74  timer.o(i.rt_timer_init)
    rt_timer_start                           0x0800c301   Thumb Code   154  timer.o(i.rt_timer_start)
    rt_timer_switch                          0x0800c3dd   Thumb Code    84  timer.o(i.rt_timer_switch)
    rtthread_startup                         0x0800c439   Thumb Code    52  startup.o(i.rtthread_startup)
    spi_read                                 0x0800c581   Thumb Code    20  enc28j60.o(i.spi_read)
    spi_read_op                              0x0800c595   Thumb Code   122  enc28j60.o(i.spi_read_op)
    spi_write                                0x0800c61d   Thumb Code    24  enc28j60.o(i.spi_write)
    spi_write_op                             0x0800c635   Thumb Code    88  enc28j60.o(i.spi_write_op)
    sys_arch_assert                          0x0800c6ad   Thumb Code    48  sys_arch.o(i.sys_arch_assert)
    sys_arch_mbox_fetch                      0x0800c729   Thumb Code    84  sys_arch.o(i.sys_arch_mbox_fetch)
    sys_arch_mbox_tryfetch                   0x0800c77d   Thumb Code    34  sys_arch.o(i.sys_arch_mbox_tryfetch)
    sys_arch_sem_wait                        0x0800c79f   Thumb Code    80  sys_arch.o(i.sys_arch_sem_wait)
    sys_arch_timeouts                        0x0800c7f1   Thumb Code    54  sys_arch.o(i.sys_arch_timeouts)
    sys_init                                 0x0800c871   Thumb Code     2  sys_arch.o(i.sys_init)
    sys_mbox_fetch                           0x0800c873   Thumb Code   124  sys.o(i.sys_mbox_fetch)
    sys_mbox_free                            0x0800c8ef   Thumb Code    12  sys_arch.o(i.sys_mbox_free)
    sys_mbox_new                             0x0800c8fd   Thumb Code    44  sys_arch.o(i.sys_mbox_new)
    sys_mbox_post                            0x0800c93d   Thumb Code    16  sys_arch.o(i.sys_mbox_post)
    sys_mbox_trypost                         0x0800c94d   Thumb Code    26  sys_arch.o(i.sys_mbox_trypost)
    sys_sem_free                             0x0800c967   Thumb Code    12  sys_arch.o(i.sys_sem_free)
    sys_sem_new                              0x0800c975   Thumb Code    44  sys_arch.o(i.sys_sem_new)
    sys_sem_signal                           0x0800c9b1   Thumb Code    12  sys_arch.o(i.sys_sem_signal)
    sys_sem_wait                             0x0800c9bd   Thumb Code   116  sys.o(i.sys_sem_wait)
    sys_sem_wait_timeout                     0x0800ca31   Thumb Code    58  sys.o(i.sys_sem_wait_timeout)
    sys_thread_new                           0x0800ca71   Thumb Code   134  sys_arch.o(i.sys_thread_new)
    sys_timeout                              0x0800cb41   Thumb Code   184  sys.o(i.sys_timeout)
    sys_untimeout                            0x0800cc5d   Thumb Code   116  sys.o(i.sys_untimeout)
    tcp_abandon                              0x0800cd15   Thumb Code   156  tcp.o(i.tcp_abandon)
    tcp_accept                               0x0800cdb9   Thumb Code     4  tcp.o(i.tcp_accept)
    tcp_alloc                                0x0800cdc5   Thumb Code   192  tcp.o(i.tcp_alloc)
    tcp_arg                                  0x0800ce91   Thumb Code     4  tcp.o(i.tcp_arg)
    tcp_bind                                 0x0800ce95   Thumb Code   248  tcp.o(i.tcp_bind)
    tcp_close                                0x0800cfe9   Thumb Code   234  tcp.o(i.tcp_close)
    tcp_eff_send_mss                         0x0800d0e5   Thumb Code    46  tcp.o(i.tcp_eff_send_mss)
    tcp_enqueue                              0x0800d115   Thumb Code  1614  tcp_out.o(i.tcp_enqueue)
    tcp_err                                  0x0800d785   Thumb Code     6  tcp.o(i.tcp_err)
    tcp_fasttmr                              0x0800d78d   Thumb Code   122  tcp.o(i.tcp_fasttmr)
    tcp_input                                0x0800d80d   Thumb Code  1574  tcp_in.o(i.tcp_input)
    tcp_keepalive                            0x0800de59   Thumb Code   122  tcp_out.o(i.tcp_keepalive)
    tcp_listen_with_backlog                  0x0800e0f1   Thumb Code   212  tcp.o(i.tcp_listen_with_backlog)
    tcp_new                                  0x0800e21d   Thumb Code    10  tcp.o(i.tcp_new)
    tcp_next_iss                             0x0800e2a1   Thumb Code    20  tcp.o(i.tcp_next_iss)
    tcp_output                               0x0800e371   Thumb Code   496  tcp_out.o(i.tcp_output)
    tcp_pcb_purge                            0x0800e7bd   Thumb Code    76  tcp.o(i.tcp_pcb_purge)
    tcp_pcb_remove                           0x0800e809   Thumb Code   210  tcp.o(i.tcp_pcb_remove)
    tcp_poll                                 0x0800e951   Thumb Code    10  tcp.o(i.tcp_poll)
    tcp_recv                                 0x0800fc15   Thumb Code     6  tcp.o(i.tcp_recv)
    tcp_recv_null                            0x0800fc1b   Thumb Code    46  tcp.o(i.tcp_recv_null)
    tcp_recved                               0x0800fc49   Thumb Code    96  tcp.o(i.tcp_recved)
    tcp_rexmit                               0x0800fcf1   Thumb Code    80  tcp_out.o(i.tcp_rexmit)
    tcp_rexmit_fast                          0x0800fd41   Thumb Code   118  tcp_out.o(i.tcp_rexmit_fast)
    tcp_rexmit_rto                           0x0800fdb7   Thumb Code    58  tcp_out.o(i.tcp_rexmit_rto)
    tcp_rst                                  0x0800fdf1   Thumb Code   214  tcp_out.o(i.tcp_rst)
    tcp_seg_copy                             0x0800ff21   Thumb Code    38  tcp.o(i.tcp_seg_copy)
    tcp_seg_free                             0x0800ff47   Thumb Code    32  tcp.o(i.tcp_seg_free)
    tcp_segs_free                            0x0800ff67   Thumb Code    30  tcp.o(i.tcp_segs_free)
    tcp_send_ctrl                            0x0800ff85   Thumb Code    28  tcp_out.o(i.tcp_send_ctrl)
    tcp_send_empty_ack                       0x0800ffa1   Thumb Code   112  tcp_out.o(i.tcp_send_empty_ack)
    tcp_sent                                 0x08010011   Thumb Code     6  tcp.o(i.tcp_sent)
    tcp_slowtmr                              0x08010021   Thumb Code   938  tcp.o(i.tcp_slowtmr)
    tcp_timer_needed                         0x08010569   Thumb Code    38  tcpip.o(i.tcp_timer_needed)
    tcp_tmr                                  0x08010655   Thumb Code    30  tcp.o(i.tcp_tmr)
    tcp_update_rcv_ann_wnd                   0x08010679   Thumb Code    72  tcp.o(i.tcp_update_rcv_ann_wnd)
    tcp_write                                0x080106c1   Thumb Code    70  tcp_out.o(i.tcp_write)
    tcp_zero_window_probe                    0x08010709   Thumb Code   212  tcp_out.o(i.tcp_zero_window_probe)
    tcpip_apimsg                             0x08010835   Thumb Code    52  tcpip.o(i.tcpip_apimsg)
    tcpip_callback_with_block                0x0801086d   Thumb Code    92  tcpip.o(i.tcpip_callback_with_block)
    tcpip_init                               0x080108cd   Thumb Code    48  tcpip.o(i.tcpip_init)
    tcpip_input                              0x08010915   Thumb Code    72  tcpip.o(i.tcpip_input)
    tcpserv                                  0x08010aa5   Thumb Code   390  tcpserver.o(i.tcpserv)
    udp_bind                                 0x08010ced   Thumb Code   142  udp.o(i.udp_bind)
    udp_connect                              0x08010db1   Thumb Code    94  udp.o(i.udp_connect)
    udp_input                                0x08010e15   Thumb Code   610  udp.o(i.udp_input)
    udp_new                                  0x080110c9   Thumb Code    28  udp.o(i.udp_new)
    udp_recv                                 0x080110e5   Thumb Code     6  udp.o(i.udp_recv)
    udp_remove                               0x080110ed   Thumb Code    60  udp.o(i.udp_remove)
    udp_send                                 0x0801112d   Thumb Code    20  udp.o(i.udp_send)
    udp_sendto                               0x08011141   Thumb Code    46  udp.o(i.udp_sendto)
    udp_sendto_if                            0x08011171   Thumb Code   354  udp.o(i.udp_sendto_if)
    _fp_init                                 0x08011749   Thumb Code    14  fpinit.o(x$fpl$fpinit)
    __fplib_config_pureend_doubles           0x08011755   Thumb Code     0  fpinit.o(x$fpl$fpinit)
    rt_lowest_bitmap                         0x08011aad   Data         256  scheduler.o(.constdata)
    memp_sizes                               0x08011e58   Data          28  memp.o(.constdata)
    tcp_backoff                              0x08011e74   Data          13  tcp.o(.constdata)
    tcp_persist_backoff                      0x08011e81   Data           7  tcp.o(.constdata)
    ip_addr_any                              0x08011ed9   Data           4  ip_addr.o(.constdata)
    ip_addr_broadcast                        0x08011edd   Data           4  ip_addr.o(.constdata)
    ethbroadcast                             0x08011f4c   Data           6  etharp.o(.constdata)
    ethzero                                  0x08011f52   Data           6  etharp.o(.constdata)
    Region$$Table$$Base                      0x08012038   Number         0  anon$$obj.o(Region$$Table)
    Region$$Table$$Limit                     0x08012058   Number         0  anon$$obj.o(Region$$Table)
    uart1                                    0x20000000   Data          12  usart.o(.data)
    server_m2m_sock                          0x20000014   Data           4  tcpserver.o(.data)
    rt_interrupt_nest                        0x20000030   Data           1  irq.o(.data)
    errno                                    0x20000038   Data           4  kservice.o(.data)
    rt_object_container                      0x20000054   Data         144  object.o(.data)
    rt_current_thread                        0x200000e8   Data           4  scheduler.o(.data)
    rt_current_priority                      0x200000ec   Data           1  scheduler.o(.data)
    rt_thread_ready_priority_group           0x200000f0   Data           4  scheduler.o(.data)
    rt_thread_defunct                        0x200000f4   Data           8  scheduler.o(.data)
    rt_interrupt_from_thread                 0x2000010c   Data           4  interrupt.o(.data)
    rt_interrupt_to_thread                   0x20000110   Data           4  interrupt.o(.data)
    rt_thread_switch_interrput_flag          0x20000114   Data           4  interrupt.o(.data)
    netif_list                               0x20000130   Data           4  netif.o(.data)
    netif_default                            0x20000134   Data           4  netif.o(.data)
    tcp_state_str                            0x20000140   Data          44  tcp.o(.data)
    tcp_ticks                                0x20000174   Data           4  tcp.o(.data)
    tcp_bound_pcbs                           0x20000178   Data           4  tcp.o(.data)
    tcp_listen_pcbs                          0x2000017c   Data           4  tcp.o(.data)
    tcp_active_pcbs                          0x20000180   Data           4  tcp.o(.data)
    tcp_tw_pcbs                              0x20000184   Data           4  tcp.o(.data)
    tcp_tmp_pcb                              0x20000188   Data           4  tcp.o(.data)
    tcp_input_pcb                            0x200001ac   Data           4  tcp_in.o(.data)
    udp_pcbs                                 0x200001b0   Data           4  udp.o(.data)
    current_netif                            0x200001c0   Data           4  ip.o(.data)
    current_header                           0x200001c4   Data           4  ip.o(.data)
    rx_buf                                   0x200001ec   Data        1024  application.o(.bss)
    socket_data_buf_mutex                    0x200005ec   Data          36  application.o(.bss)
    uart1_int_rx                             0x20000610   Data        1032  usart.o(.bss)
    uart1_device                             0x20000a18   Data          64  usart.o(.bss)
    m2m_recv                                 0x20000af0   Data        1024  tcpserver.o(.bss)
    rt_thread_priority_table                 0x2000110c   Data         256  scheduler.o(.bss)
    __libspace_start                         0x200027e4   Data          96  libspace.o(.bss)
    __temporary_stack_top$libspace           0x20002844   Data           0  libspace.o(.bss)
    Image$$RW_IRAM1$$ZI$$Limit               0x20002a48   Number         0  start_rvds.o(STACK)



==============================================================================

Memory Map of the image

  Image Entry point : 0x08000151

  Load Region LR_IROM1 (Base: 0x08000000, Size: 0x00012244, Max: 0x00080000, ABSOLUTE, COMPRESSED[0x000120f8])

    Execution Region ER_IROM1 (Base: 0x08000000, Size: 0x00012058, Max: 0x00080000, ABSOLUTE)

    Base Addr    Size         Type   Attr      Idx    E Section Name        Object

    0x08000000   0x00000150   Data   RO         4875    RESET               start_rvds.o
    0x08000150   0x00000008   Code   RO         7697  * !!!main             c_w.l(__main.o)(c_w.l)
    0x08000158   0x00000034   Code   RO         7882    !!!scatter          c_w.l(__scatter.o)(c_w.l)
    0x0800018c   0x0000005a   Code   RO         7880    !!dczerorl2         c_w.l(__dczerorl2.o)(c_w.l)
    0x080001e6   0x00000002   PAD
    0x080001e8   0x0000001c   Code   RO         7884    !!handler_zi        c_w.l(__scatter_zi.o)(c_w.l)
    0x08000204   0x00000006   Code   RO         7753    .ARM.Collect$$libinit$$00000000  c_w.l(libinit.o)(c_w.l)
    0x0800020a   0x00000000   Code   RO         7758    .ARM.Collect$$libinit$$00000006  c_w.l(libinit2.o)(c_w.l)
    0x0800020a   0x00000000   Code   RO         7760    .ARM.Collect$$libinit$$00000008  c_w.l(libinit2.o)(c_w.l)
    0x0800020a   0x00000000   Code   RO         7762    .ARM.Collect$$libinit$$0000000A  c_w.l(libinit2.o)(c_w.l)
    0x0800020a   0x00000000   Code   RO         7765    .ARM.Collect$$libinit$$0000000D  c_w.l(libinit2.o)(c_w.l)
    0x0800020a   0x00000000   Code   RO         7767    .ARM.Collect$$libinit$$0000000F  c_w.l(libinit2.o)(c_w.l)
    0x0800020a   0x00000000   Code   RO         7769    .ARM.Collect$$libinit$$00000011  c_w.l(libinit2.o)(c_w.l)
    0x0800020a   0x00000000   Code   RO         7771    .ARM.Collect$$libinit$$00000013  c_w.l(libinit2.o)(c_w.l)
    0x0800020a   0x00000000   Code   RO         7773    .ARM.Collect$$libinit$$00000015  c_w.l(libinit2.o)(c_w.l)
    0x0800020a   0x00000000   Code   RO         7775    .ARM.Collect$$libinit$$00000017  c_w.l(libinit2.o)(c_w.l)
    0x0800020a   0x00000000   Code   RO         7777    .ARM.Collect$$libinit$$00000019  c_w.l(libinit2.o)(c_w.l)
    0x0800020a   0x00000000   Code   RO         7779    .ARM.Collect$$libinit$$0000001B  c_w.l(libinit2.o)(c_w.l)
    0x0800020a   0x00000000   Code   RO         7781    .ARM.Collect$$libinit$$0000001D  c_w.l(libinit2.o)(c_w.l)
    0x0800020a   0x00000000   Code   RO         7783    .ARM.Collect$$libinit$$0000001F  c_w.l(libinit2.o)(c_w.l)
    0x0800020a   0x00000000   Code   RO         7785    .ARM.Collect$$libinit$$00000021  c_w.l(libinit2.o)(c_w.l)
    0x0800020a   0x00000000   Code   RO         7789    .ARM.Collect$$libinit$$00000028  c_w.l(libinit2.o)(c_w.l)
    0x0800020a   0x00000000   Code   RO         7791    .ARM.Collect$$libinit$$0000002A  c_w.l(libinit2.o)(c_w.l)
    0x0800020a   0x00000000   Code   RO         7793    .ARM.Collect$$libinit$$0000002C  c_w.l(libinit2.o)(c_w.l)
    0x0800020a   0x00000000   Code   RO         7795    .ARM.Collect$$libinit$$0000002E  c_w.l(libinit2.o)(c_w.l)
    0x0800020a   0x00000002   Code   RO         7796    .ARM.Collect$$libinit$$0000002F  c_w.l(libinit2.o)(c_w.l)
    0x0800020c   0x00000002   Code   RO         7822    .ARM.Collect$$libshutdown$$00000000  c_w.l(libshutdown.o)(c_w.l)
    0x0800020e   0x00000000   Code   RO         7835    .ARM.Collect$$libshutdown$$00000003  c_w.l(libshutdown2.o)(c_w.l)
    0x0800020e   0x00000000   Code   RO         7838    .ARM.Collect$$libshutdown$$00000006  c_w.l(libshutdown2.o)(c_w.l)
    0x0800020e   0x00000000   Code   RO         7841    .ARM.Collect$$libshutdown$$00000009  c_w.l(libshutdown2.o)(c_w.l)
    0x0800020e   0x00000000   Code   RO         7843    .ARM.Collect$$libshutdown$$0000000B  c_w.l(libshutdown2.o)(c_w.l)
    0x0800020e   0x00000000   Code   RO         7846    .ARM.Collect$$libshutdown$$0000000E  c_w.l(libshutdown2.o)(c_w.l)
    0x0800020e   0x00000002   Code   RO         7847    .ARM.Collect$$libshutdown$$0000000F  c_w.l(libshutdown2.o)(c_w.l)
    0x08000210   0x00000000   Code   RO         7699    .ARM.Collect$$rtentry$$00000000  c_w.l(rtentry.o)(c_w.l)
    0x08000210   0x00000000   Code   RO         7712    .ARM.Collect$$rtentry$$00000002  c_w.l(rtentry2.o)(c_w.l)
    0x08000210   0x00000006   Code   RO         7727    .ARM.Collect$$rtentry$$00000004  c_w.l(rtentry4.o)(c_w.l)
    0x08000216   0x00000000   Code   RO         7714    .ARM.Collect$$rtentry$$00000009  c_w.l(rtentry2.o)(c_w.l)
    0x08000216   0x00000004   Code   RO         7715    .ARM.Collect$$rtentry$$0000000A  c_w.l(rtentry2.o)(c_w.l)
    0x0800021a   0x00000000   Code   RO         7717    .ARM.Collect$$rtentry$$0000000C  c_w.l(rtentry2.o)(c_w.l)
    0x0800021a   0x00000008   Code   RO         7718    .ARM.Collect$$rtentry$$0000000D  c_w.l(rtentry2.o)(c_w.l)
    0x08000222   0x00000002   Code   RO         7754    .ARM.Collect$$rtexit$$00000000  c_w.l(rtexit.o)(c_w.l)
    0x08000224   0x00000000   Code   RO         7800    .ARM.Collect$$rtexit$$00000002  c_w.l(rtexit2.o)(c_w.l)
    0x08000224   0x00000004   Code   RO         7801    .ARM.Collect$$rtexit$$00000003  c_w.l(rtexit2.o)(c_w.l)
    0x08000228   0x00000006   Code   RO         7802    .ARM.Collect$$rtexit$$00000004  c_w.l(rtexit2.o)(c_w.l)
    0x0800022e   0x00000002   PAD
    0x08000230   0x000000a8   Code   RO         4865    .text               context_rvds.o
    0x080002d8   0x00000014   Code   RO         4869    .text               fault_rvds.o
    0x080002ec   0x0000003c   Code   RO         4876    .text               start_rvds.o
    0x08000328   0x0000008a   Code   RO         7685    .text               c_w.l(rt_memcpy_v6.o)(c_w.l)
    0x080003b2   0x00000064   Code   RO         7687    .text               c_w.l(rt_memcpy_w.o)(c_w.l)
    0x08000416   0x00000044   Code   RO         7689    .text               c_w.l(rt_memclr.o)(c_w.l)
    0x0800045a   0x0000004e   Code   RO         7691    .text               c_w.l(rt_memclr_w.o)(c_w.l)
    0x080004a8   0x00000006   Code   RO         7695    .text               c_w.l(heapauxi.o)(c_w.l)
    0x080004ae   0x00000002   PAD
    0x080004b0   0x00000008   Code   RO         7708    .text               c_w.l(libspace.o)(c_w.l)
    0x080004b8   0x0000004a   Code   RO         7733    .text               c_w.l(sys_stackheap_outer.o)(c_w.l)
    0x08000502   0x0000000c   Code   RO         7745    .text               c_w.l(exit.o)(c_w.l)
    0x0800050e   0x00000002   PAD
    0x08000510   0x0000000c   Code   RO         7810    .text               c_w.l(rt_fp_status_addr_intlibspace.o)(c_w.l)
    0x0800051c   0x0000000c   Code   RO         7814    .text               c_w.l(sys_exit.o)(c_w.l)
    0x08000528   0x00000002   Code   RO         7825    .text               c_w.l(use_no_semi.o)(c_w.l)
    0x0800052a   0x00000004   Code   RO            1    i.BusFault_Handler  stm32f10x_it.o
    0x0800052e   0x00000002   Code   RO            2    i.DMA1_Channel2_IRQHandler  stm32f10x_it.o
    0x08000530   0x00000016   Code   RO         1526    i.DMA_Cmd           stm32f10x_dma.o
    0x08000546   0x00000002   Code   RO          337    i.DMA_Configuration  usart.o
    0x08000548   0x00000002   Code   RO            3    i.DebugMon_Handler  stm32f10x_it.o
    0x0800054a   0x00000016   Code   RO            4    i.EXTI0_IRQHandler  stm32f10x_it.o
    0x08000560   0x0000000c   Code   RO         1594    i.EXTI_ClearITPendingBit  stm32f10x_exti.o
    0x0800056c   0x0000003c   Code   RO          338    i.GPIO_Configuration  usart.o
    0x080005a8   0x00000034   Code   RO          423    i.GPIO_Configuration  enc28j60.o
    0x080005dc   0x00000112   Code   RO         1983    i.GPIO_Init         stm32f10x_gpio.o
    0x080006ee   0x00000004   Code   RO            6    i.MemManage_Handler  stm32f10x_it.o
    0x080006f2   0x00000002   Code   RO            7    i.NMI_Handler       stm32f10x_it.o
    0x080006f4   0x00000016   Code   RO          144    i.NVIC_Configuration  board.o
    0x0800070a   0x0000001c   Code   RO          339    i.NVIC_Configuration  usart.o
    0x08000726   0x00000002   PAD
    0x08000728   0x00000084   Code   RO          847    i.NVIC_Init         misc.o
    0x080007ac   0x00000014   Code   RO          848    i.NVIC_PriorityGroupConfig  misc.o
    0x080007c0   0x00000014   Code   RO          849    i.NVIC_SetVectorTable  misc.o
    0x080007d4   0x00000020   Code   RO         2401    i.RCC_APB2PeriphClockCmd  stm32f10x_rcc.o
    0x080007f4   0x00000016   Code   RO          340    i.RCC_Configuration  usart.o
    0x0800080a   0x00000014   Code   RO          425    i.RCC_Configuration  enc28j60.o
    0x0800081e   0x00000002   PAD
    0x08000820   0x000000d4   Code   RO         2409    i.RCC_GetClocksFreq  stm32f10x_rcc.o
    0x080008f4   0x00000018   Code   RO         2881    i.SPI_Cmd           stm32f10x_spi.o
    0x0800090c   0x00000012   Code   RO         2889    i.SPI_I2S_GetFlagStatus  stm32f10x_spi.o
    0x0800091e   0x00000006   Code   RO         2892    i.SPI_I2S_ReceiveData  stm32f10x_spi.o
    0x08000924   0x00000004   Code   RO         2893    i.SPI_I2S_SendData  stm32f10x_spi.o
    0x08000928   0x0000003c   Code   RO         2894    i.SPI_Init          stm32f10x_spi.o
    0x08000964   0x00000002   Code   RO            8    i.SVC_Handler       stm32f10x_it.o
    0x08000966   0x00000008   Code   RO         3765    i.SetSysClock       system_stm32f10x.o
    0x0800096e   0x00000002   PAD
    0x08000970   0x000000c8   Code   RO         3766    i.SetSysClockTo72   system_stm32f10x.o
    0x08000a38   0x00000054   Code   RO          426    i.SetupSPI          enc28j60.o
    0x08000a8c   0x00000028   Code   RO          851    i.SysTick_CLKSourceConfig  misc.o
    0x08000ab4   0x00000068   Code   RO          145    i.SysTick_Configuration  board.o
    0x08000b1c   0x00000054   Code   RO         3768    i.SystemInit        system_stm32f10x.o
    0x08000b70   0x00000018   Code   RO            9    i.USART1_IRQHandler  stm32f10x_it.o
    0x08000b88   0x00000002   Code   RO           10    i.USART2_IRQHandler  stm32f10x_it.o
    0x08000b8a   0x00000002   Code   RO           11    i.USART3_IRQHandler  stm32f10x_it.o
    0x08000b8c   0x0000001e   Code   RO         3575    i.USART_ClearITPendingBit  stm32f10x_usart.o
    0x08000baa   0x00000022   Code   RO         3576    i.USART_ClockInit   stm32f10x_usart.o
    0x08000bcc   0x00000018   Code   RO         3578    i.USART_Cmd         stm32f10x_usart.o
    0x08000be4   0x00000054   Code   RO         3582    i.USART_GetITStatus  stm32f10x_usart.o
    0x08000c38   0x0000004a   Code   RO         3584    i.USART_ITConfig    stm32f10x_usart.o
    0x08000c82   0x00000002   PAD
    0x08000c84   0x000000d8   Code   RO         3585    i.USART_Init        stm32f10x_usart.o
    0x08000d5c   0x00000004   Code   RO           12    i.UsageFault_Handler  stm32f10x_it.o
    0x08000d60   0x00000014   Code   RO          427    i._delay_us         enc28j60.o
    0x08000d74   0x000000e8   Code   RO         4521    i._rt_scheduler_stack_check  scheduler.o
    0x08000e5c   0x000000f0   Code   RO         4594    i._rt_thread_init   thread.o
    0x08000f4c   0x00000032   Code   RO         4709    i._rt_timer_init    timer.o
    0x08000f7e   0x00000002   PAD
    0x08000f80   0x000000c8   Code   RO         6777    i.accept_function   api_msg.o
    0x08001048   0x00000090   Code   RO         7080    i.alloc_socket      sockets.o
    0x080010d8   0x0000001c   Code   RO         6526    i.arp_timer         tcpip.o
    0x080010f4   0x00000014   Code   RO          428    i.delay_ms          enc28j60.o
    0x08001108   0x00000074   Code   RO         4940    i.dhcp_arp_reply    dhcp.o
    0x0800117c   0x00000170   Code   RO         4941    i.dhcp_bind         dhcp.o
    0x080012ec   0x00000038   Code   RO         4942    i.dhcp_check        dhcp.o
    0x08001324   0x00000044   Code   RO         4943    i.dhcp_coarse_tmr   dhcp.o
    0x08001368   0x00000258   Code   RO         4944    i.dhcp_create_request  dhcp.o
    0x080015c0   0x00000090   Code   RO         4945    i.dhcp_decline      dhcp.o
    0x08001650   0x00000140   Code   RO         4946    i.dhcp_delete_request  dhcp.o
    0x08001790   0x000000d4   Code   RO         4947    i.dhcp_discover     dhcp.o
    0x08001864   0x00000044   Code   RO         4948    i.dhcp_fine_tmr     dhcp.o
    0x080018a8   0x00000024   Code   RO         4949    i.dhcp_free_reply   dhcp.o
    0x080018cc   0x00000006   Code   RO         4950    i.dhcp_get_option_byte  dhcp.o
    0x080018d2   0x00000020   Code   RO         4951    i.dhcp_get_option_long  dhcp.o
    0x080018f2   0x000000a2   Code   RO         4952    i.dhcp_get_option_ptr  dhcp.o
    0x08001994   0x0000011c   Code   RO         4953    i.dhcp_handle_ack   dhcp.o
    0x08001ab0   0x00000038   Code   RO         4954    i.dhcp_handle_nak   dhcp.o
    0x08001ae8   0x0000003a   Code   RO         4955    i.dhcp_handle_offer  dhcp.o
    0x08001b22   0x00000002   PAD
    0x08001b24   0x00000068   Code   RO         4958    i.dhcp_option       dhcp.o
    0x08001b8c   0x00000090   Code   RO         4959    i.dhcp_option_byte  dhcp.o
    0x08001c1c   0x000000c4   Code   RO         4960    i.dhcp_option_long  dhcp.o
    0x08001ce0   0x00000068   Code   RO         4961    i.dhcp_option_short  dhcp.o
    0x08001d48   0x0000014c   Code   RO         4962    i.dhcp_option_trailer  dhcp.o
    0x08001e94   0x00000094   Code   RO         4963    i.dhcp_rebind       dhcp.o
    0x08001f28   0x000000b4   Code   RO         4964    i.dhcp_reboot       dhcp.o
    0x08001fdc   0x00000160   Code   RO         4965    i.dhcp_recv         dhcp.o
    0x0800213c   0x000000b8   Code   RO         4966    i.dhcp_release      dhcp.o
    0x080021f4   0x00000092   Code   RO         4967    i.dhcp_renew        dhcp.o
    0x08002286   0x00000002   PAD
    0x08002288   0x000000fc   Code   RO         4968    i.dhcp_select       dhcp.o
    0x08002384   0x0000000e   Code   RO         4969    i.dhcp_set_state    dhcp.o
    0x08002392   0x00000002   PAD
    0x08002394   0x00000164   Code   RO         4970    i.dhcp_start        dhcp.o
    0x080024f8   0x000000bc   Code   RO         4971    i.dhcp_stop         dhcp.o
    0x080025b4   0x00000020   Code   RO         4972    i.dhcp_t1_timeout   dhcp.o
    0x080025d4   0x00000020   Code   RO         4973    i.dhcp_t2_timeout   dhcp.o
    0x080025f4   0x000000a4   Code   RO         4974    i.dhcp_timeout      dhcp.o
    0x08002698   0x0000001c   Code   RO         6527    i.dhcp_timer_coarse  tcpip.o
    0x080026b4   0x0000001c   Code   RO         6528    i.dhcp_timer_fine   tcpip.o
    0x080026d0   0x00000144   Code   RO         4975    i.dhcp_unfold_reply  dhcp.o
    0x08002814   0x00000016   Code   RO         5198    i.dns_check_entries  dns.o
    0x0800282a   0x00000002   PAD
    0x0800282c   0x00000160   Code   RO         5199    i.dns_check_entry   dns.o
    0x0800298c   0x0000003c   Code   RO         5200    i.dns_compare_name  dns.o
    0x080029c8   0x00000060   Code   RO         5204    i.dns_init          dns.o
    0x08002a28   0x0000002a   Code   RO         5206    i.dns_parse_name    dns.o
    0x08002a52   0x00000002   PAD
    0x08002a54   0x00000170   Code   RO         5207    i.dns_recv          dns.o
    0x08002bc4   0x000001b0   Code   RO         5208    i.dns_send          dns.o
    0x08002d74   0x00000024   Code   RO         5209    i.dns_setserver     dns.o
    0x08002d98   0x0000001c   Code   RO         6529    i.dns_timer         tcpip.o
    0x08002db4   0x00000014   Code   RO         5210    i.dns_tmr           dns.o
    0x08002dc8   0x00000072   Code   RO         6778    i.do_bind           api_msg.o
    0x08002e3a   0x00000002   PAD
    0x08002e3c   0x000001dc   Code   RO         6780    i.do_close_internal  api_msg.o
    0x08003018   0x0000007e   Code   RO         6783    i.do_delconn        api_msg.o
    0x08003096   0x000000ae   Code   RO         6786    i.do_getaddr        api_msg.o
    0x08003144   0x000000a4   Code   RO         6788    i.do_listen         api_msg.o
    0x080031e8   0x0000001a   Code   RO         6789    i.do_newconn        api_msg.o
    0x08003202   0x00000032   Code   RO         6790    i.do_recv           api_msg.o
    0x08003234   0x00000090   Code   RO         6791    i.do_send           api_msg.o
    0x080032c4   0x0000009c   Code   RO         6792    i.do_write          api_msg.o
    0x08003360   0x00000194   Code   RO         6793    i.do_writemore      api_msg.o
    0x080034f4   0x00000006   Code   RO          431    i.enc28j60_close    enc28j60.o
    0x080034fa   0x00000002   PAD
    0x080034fc   0x00000030   Code   RO          432    i.enc28j60_control  enc28j60.o
    0x0800352c   0x00000190   Code   RO          433    i.enc28j60_init     enc28j60.o
    0x080036bc   0x0000001e   Code   RO          434    i.enc28j60_interrupt_disable  enc28j60.o
    0x080036da   0x00000016   Code   RO          435    i.enc28j60_interrupt_enable  enc28j60.o
    0x080036f0   0x00000058   Code   RO          436    i.enc28j60_isr      enc28j60.o
    0x08003748   0x00000006   Code   RO          437    i.enc28j60_open     enc28j60.o
    0x0800374e   0x00000034   Code   RO          439    i.enc28j60_phy_write  enc28j60.o
    0x08003782   0x0000001a   Code   RO          440    i.enc28j60_read     enc28j60.o
    0x0800379c   0x0000016c   Code   RO          441    i.enc28j60_rx       enc28j60.o
    0x08003908   0x00000034   Code   RO          442    i.enc28j60_set_bank  enc28j60.o
    0x0800393c   0x000000e8   Code   RO          443    i.enc28j60_tx       enc28j60.o
    0x08003a24   0x0000001a   Code   RO          444    i.enc28j60_write    enc28j60.o
    0x08003a3e   0x00000002   PAD
    0x08003a40   0x000000b8   Code   RO         6794    i.err_tcp           api_msg.o
    0x08003af8   0x000000dc   Code   RO         7268    i.eth_device_init   ethernetif.o
    0x08003bd4   0x00000014   Code   RO         7269    i.eth_device_ready  ethernetif.o
    0x08003be8   0x00000006   Code   RO         7270    i.eth_init          ethernetif.o
    0x08003bee   0x00000062   Code   RO         7271    i.eth_input         ethernetif.o
    0x08003c50   0x00000008   Code   RO         7272    i.eth_isr_thread_entry  ethernetif.o
    0x08003c58   0x00000038   Code   RO         7273    i.eth_rx_thread_entry  ethernetif.o
    0x08003c90   0x0000021c   Code   RO         7274    i.eth_system_device_init  ethernetif.o
    0x08003eac   0x000000e0   Code   RO         7275    i.eth_tx_thread_entry  ethernetif.o
    0x08003f8c   0x000001a0   Code   RO         7405    i.etharp_arp_input  etharp.o
    0x0800412c   0x00000084   Code   RO         7407    i.etharp_ip_input   etharp.o
    0x080041b0   0x000000c4   Code   RO         7408    i.etharp_output     etharp.o
    0x08004274   0x0000023c   Code   RO         7409    i.etharp_query      etharp.o
    0x080044b0   0x00000148   Code   RO         7410    i.etharp_raw        etharp.o
    0x080045f8   0x0000002c   Code   RO         7411    i.etharp_request    etharp.o
    0x08004624   0x00000088   Code   RO         7412    i.etharp_send_ip    etharp.o
    0x080046ac   0x000000a0   Code   RO         7413    i.etharp_tmr        etharp.o
    0x0800474c   0x000000cc   Code   RO         7414    i.ethernet_input    etharp.o
    0x08004818   0x0000002c   Code   RO         7276    i.ethernetif_linkoutput  ethernetif.o
    0x08004844   0x00000014   Code   RO         7277    i.ethernetif_output  ethernetif.o
    0x08004858   0x00000180   Code   RO         7081    i.event_callback    sockets.o
    0x080049d8   0x00000270   Code   RO         7415    i.find_entry        etharp.o
    0x08004c48   0x000000b4   Code   RO         7416    i.free_etharp_q     etharp.o
    0x08004cfc   0x00000028   Code   RO         7082    i.get_socket        sockets.o
    0x08004d24   0x0000001a   Code   RO         6366    i.htonl             inet.o
    0x08004d3e   0x0000000c   Code   RO         6367    i.htons             inet.o
    0x08004d4a   0x00000012   Code   RO         6326    i.icmp_dest_unreach  icmp.o
    0x08004d5c   0x00000318   Code   RO         6327    i.icmp_input        icmp.o
    0x08005074   0x000000d8   Code   RO         6328    i.icmp_send_response  icmp.o
    0x0800514c   0x00000012   Code   RO         6329    i.icmp_time_exceeded  icmp.o
    0x0800515e   0x00000018   Code   RO         6368    i.inet_addr         inet.o
    0x08005176   0x00000150   Code   RO         6369    i.inet_aton         inet.o
    0x080052c6   0x00000014   Code   RO         6415    i.inet_chksum       inet_chksum.o
    0x080052da   0x00000056   Code   RO         6416    i.inet_chksum_pbuf  inet_chksum.o
    0x08005330   0x000000a2   Code   RO         6417    i.inet_chksum_pseudo  inet_chksum.o
    0x080053d2   0x00000002   PAD
    0x080053d4   0x00000110   Code   RO         6418    i.inet_chksum_pseudo_partial  inet_chksum.o
    0x080054e4   0x00000074   Code   RO         6370    i.inet_ntoa         inet.o
    0x08005558   0x0000004e   Code   RO         6504    i.ip_addr_isbroadcast  ip_addr.o
    0x080055a6   0x00000002   PAD
    0x080055a8   0x0000014c   Code   RO         6256    i.ip_frag           ip_frag.o
    0x080056f4   0x000001e4   Code   RO         6450    i.ip_input          ip.o
    0x080058d8   0x00000034   Code   RO         6451    i.ip_output         ip.o
    0x0800590c   0x00000188   Code   RO         6452    i.ip_output_if      ip.o
    0x08005a94   0x00000194   Code   RO         6257    i.ip_reass          ip_frag.o
    0x08005c28   0x000002d0   Code   RO         6258    i.ip_reass_chain_frag_into_datagram_and_validate  ip_frag.o
    0x08005ef8   0x00000088   Code   RO         6259    i.ip_reass_dequeue_datagram  ip_frag.o
    0x08005f80   0x00000054   Code   RO         6260    i.ip_reass_enqueue_new_datagram  ip_frag.o
    0x08005fd4   0x00000130   Code   RO         6261    i.ip_reass_free_complete_datagram  ip_frag.o
    0x08006104   0x0000007c   Code   RO         6262    i.ip_reass_remove_oldest_datagram  ip_frag.o
    0x08006180   0x0000001c   Code   RO         6530    i.ip_reass_timer    tcpip.o
    0x0800619c   0x00000034   Code   RO         6263    i.ip_reass_tmr      ip_frag.o
    0x080061d0   0x00000050   Code   RO         6453    i.ip_route          ip.o
    0x08006220   0x00000218   Code   RO         7083    i.lwip_accept       sockets.o
    0x08006438   0x000000d8   Code   RO         7084    i.lwip_bind         sockets.o
    0x08006510   0x0000004c   Code   RO         7085    i.lwip_close        sockets.o
    0x0800655c   0x00000010   Code   RO         5303    i.lwip_init         init.o
    0x0800656c   0x00000060   Code   RO         7094    i.lwip_listen       sockets.o
    0x080065cc   0x00000022   Code   RO         7096    i.lwip_recv         sockets.o
    0x080065ee   0x00000002   PAD
    0x080065f0   0x0000023c   Code   RO         7097    i.lwip_recvfrom     sockets.o
    0x0800682c   0x000001c8   Code   RO         7098    i.lwip_select       sockets.o
    0x080069f4   0x000000da   Code   RO         7099    i.lwip_selscan      sockets.o
    0x08006ace   0x00000002   PAD
    0x08006ad0   0x00000080   Code   RO         7100    i.lwip_send         sockets.o
    0x08006b50   0x00000168   Code   RO         7101    i.lwip_sendto       sockets.o
    0x08006cb8   0x00000160   Code   RO         7102    i.lwip_setsockopt   sockets.o
    0x08006e18   0x000001ac   Code   RO         7103    i.lwip_setsockopt_internal  sockets.o
    0x08006fc4   0x00000080   Code   RO         7105    i.lwip_socket       sockets.o
    0x08007044   0x00000020   Code   RO         7106    i.lwip_socket_init  sockets.o
    0x08007064   0x0000004a   Code   RO         6419    i.lwip_standard_chksum  inet_chksum.o
    0x080070ae   0x00000002   PAD
    0x080070b0   0x000000dc   Code   RO         7508    i.lwip_sys_init     sys_arch_init.o
    0x0800718c   0x00000014   Code   RO          294    i.main              startup.o
    0x080071a0   0x00000002   Code   RO         5544    i.mem_realloc       pbuf.o
    0x080071a2   0x00000002   PAD
    0x080071a4   0x00000024   Code   RO         5357    i.memp_free         memp.o
    0x080071c8   0x00000038   Code   RO         5358    i.memp_malloc       memp.o
    0x08007200   0x00000020   Code   RO         6959    i.netbuf_delete     netbuf.o
    0x08007220   0x00000070   Code   RO         6961    i.netbuf_free       netbuf.o
    0x08007290   0x00000094   Code   RO         6964    i.netbuf_ref        netbuf.o
    0x08007324   0x000000c8   Code   RO         6664    i.netconn_accept    api_lib.o
    0x080073ec   0x000000ec   Code   RO         6796    i.netconn_alloc     api_msg.o
    0x080074d8   0x00000084   Code   RO         6665    i.netconn_bind      api_lib.o
    0x0800755c   0x0000002c   Code   RO         6668    i.netconn_delete    api_lib.o
    0x08007588   0x000000dc   Code   RO         6797    i.netconn_free      api_msg.o
    0x08007664   0x00000100   Code   RO         6670    i.netconn_getaddr   api_lib.o
    0x08007764   0x00000080   Code   RO         6672    i.netconn_listen_with_backlog  api_lib.o
    0x080077e4   0x00000148   Code   RO         6673    i.netconn_new_with_proto_and_callback  api_lib.o
    0x0800792c   0x0000017c   Code   RO         6674    i.netconn_recv      api_lib.o
    0x08007aa8   0x00000080   Code   RO         6675    i.netconn_send      api_lib.o
    0x08007b28   0x000000cc   Code   RO         6677    i.netconn_write     api_lib.o
    0x08007bf4   0x0000006c   Code   RO         5414    i.netif_add         netif.o
    0x08007c60   0x0000000c   Code   RO         5416    i.netif_is_up       netif.o
    0x08007c6c   0x000000d0   Code   RO         5417    i.netif_loop_output  netif.o
    0x08007d3c   0x000000f8   Code   RO         5418    i.netif_poll        netif.o
    0x08007e34   0x00000028   Code   RO         5420    i.netif_set_addr    netif.o
    0x08007e5c   0x0000000c   Code   RO         5421    i.netif_set_default  netif.o
    0x08007e68   0x00000018   Code   RO         5422    i.netif_set_down    netif.o
    0x08007e80   0x0000000c   Code   RO         5423    i.netif_set_gw      netif.o
    0x08007e8c   0x00000078   Code   RO         5424    i.netif_set_ipaddr  netif.o
    0x08007f04   0x0000000c   Code   RO         5425    i.netif_set_netmask  netif.o
    0x08007f10   0x0000002c   Code   RO         5426    i.netif_set_up      netif.o
    0x08007f3c   0x0000000c   Code   RO         6371    i.ntohl             inet.o
    0x08007f48   0x0000000c   Code   RO         6372    i.ntohs             inet.o
    0x08007f54   0x000003e4   Code   RO         5545    i.pbuf_alloc        pbuf.o
    0x08008338   0x00000114   Code   RO         5546    i.pbuf_cat          pbuf.o
    0x0800844c   0x00000016   Code   RO         5547    i.pbuf_chain        pbuf.o
    0x08008462   0x00000012   Code   RO         5548    i.pbuf_clen         pbuf.o
    0x08008474   0x000001e8   Code   RO         5550    i.pbuf_copy         pbuf.o
    0x0800865c   0x0000011c   Code   RO         5551    i.pbuf_copy_partial  pbuf.o
    0x08008778   0x0000011c   Code   RO         5553    i.pbuf_free         pbuf.o
    0x08008894   0x00000034   Code   RO         5554    i.pbuf_free_ooseq   pbuf.o
    0x080088c8   0x0000011c   Code   RO         5555    i.pbuf_header       pbuf.o
    0x080089e4   0x0000002c   Code   RO         5556    i.pbuf_pool_is_empty  pbuf.o
    0x08008a10   0x0000018c   Code   RO         5557    i.pbuf_realloc      pbuf.o
    0x08008b9c   0x0000000a   Code   RO         5558    i.pbuf_ref          pbuf.o
    0x08008ba6   0x00000002   PAD
    0x08008ba8   0x0000011c   Code   RO         6798    i.pcb_new           api_msg.o
    0x08008cc4   0x00000154   Code   RO         4355    i.plug_holes        mem.o
    0x08008e18   0x00000070   Code   RO         6799    i.poll_tcp          api_msg.o
    0x08008e88   0x00000118   Code   RO         4220    i.print_number      kservice.o
    0x08008fa0   0x00000010   Code   RO         5658    i.raw_bind          raw.o
    0x08008fb0   0x00000068   Code   RO         5660    i.raw_input         raw.o
    0x08009018   0x00000030   Code   RO         5661    i.raw_new           raw.o
    0x08009048   0x00000006   Code   RO         5662    i.raw_recv          raw.o
    0x0800904e   0x00000002   PAD
    0x08009050   0x00000040   Code   RO         5663    i.raw_remove        raw.o
    0x08009090   0x00000012   Code   RO         5664    i.raw_send          raw.o
    0x080090a2   0x00000002   PAD
    0x080090a4   0x000000f4   Code   RO         5665    i.raw_sendto        raw.o
    0x08009198   0x00000094   Code   RO         6800    i.recv_raw          api_msg.o
    0x0800922c   0x00000120   Code   RO         6801    i.recv_tcp          api_msg.o
    0x0800934c   0x00000140   Code   RO         6802    i.recv_udp          api_msg.o
    0x0800948c   0x00000030   Code   RO          187    i.rt_application_init  application.o
    0x080094bc   0x00000034   Code   RO         4221    i.rt_console_set_device  kservice.o
    0x080094f0   0x00000074   Code   RO         3831    i.rt_device_close   device.o
    0x08009564   0x00000074   Code   RO         3832    i.rt_device_control  device.o
    0x080095d8   0x00000050   Code   RO         3833    i.rt_device_find    device.o
    0x08009628   0x00000088   Code   RO         3835    i.rt_device_init_all  device.o
    0x080096b0   0x000000f4   Code   RO         3836    i.rt_device_open    device.o
    0x080097a4   0x0000007c   Code   RO         3837    i.rt_device_read    device.o
    0x08009820   0x00000020   Code   RO         3838    i.rt_device_register  device.o
    0x08009840   0x0000005c   Code   RO         3841    i.rt_device_unregister  device.o
    0x0800989c   0x0000007c   Code   RO         3842    i.rt_device_write   device.o
    0x08009918   0x00000020   Code   RO         4522    i.rt_enter_critical  scheduler.o
    0x08009938   0x0000003c   Code   RO         4523    i.rt_exit_critical  scheduler.o
    0x08009974   0x00000178   Code   RO         4357    i.rt_free           mem.o
    0x08009aec   0x00000020   Code   RO          146    i.rt_hw_board_init  board.o
    0x08009b0c   0x00000002   Code   RO         4223    i.rt_hw_console_output  kservice.o
    0x08009b0e   0x00000002   PAD
    0x08009b10   0x000000a8   Code   RO          445    i.rt_hw_enc28j60_init  enc28j60.o
    0x08009bb8   0x000000f0   Code   RO         4831    i.rt_hw_hard_fault_exception  fault.o
    0x08009ca8   0x00000140   Code   RO         4881    i.rt_hw_serial_isr  serial.o
    0x08009de8   0x000000dc   Code   RO         4882    i.rt_hw_serial_register  serial.o
    0x08009ec4   0x0000006a   Code   RO         4853    i.rt_hw_stack_init  stack.o
    0x08009f2e   0x00000010   Code   RO          147    i.rt_hw_timer_handler  board.o
    0x08009f3e   0x00000002   PAD
    0x08009f40   0x0000008c   Code   RO          341    i.rt_hw_usart_init  usart.o
    0x08009fcc   0x000000c4   Code   RO          188    i.rt_init_thread_entry  application.o
    0x0800a090   0x00000020   Code   RO         4199    i.rt_interrupt_enter  irq.o
    0x0800a0b0   0x00000020   Code   RO         4200    i.rt_interrupt_leave  irq.o
    0x0800a0d0   0x00000010   Code   RO         3944    i.rt_ipc_object_init  ipc.o
    0x0800a0e0   0x00000014   Code   RO         3945    i.rt_ipc_object_resume  ipc.o
    0x0800a0f4   0x00000034   Code   RO         3946    i.rt_ipc_object_resume_all  ipc.o
    0x0800a128   0x0000006e   Code   RO         3947    i.rt_ipc_object_suspend  ipc.o
    0x0800a196   0x00000002   PAD
    0x0800a198   0x00000040   Code   RO         4224    i.rt_kprintf        kservice.o
    0x0800a1d8   0x00000006   Code   RO         4406    i.rt_list_init      mempool.o
    0x0800a1de   0x00000006   Code   RO         4524    i.rt_list_init      scheduler.o
    0x0800a1e4   0x00000006   Code   RO         4710    i.rt_list_init      timer.o
    0x0800a1ea   0x0000000e   Code   RO         4462    i.rt_list_insert_after  object.o
    0x0800a1f8   0x0000000e   Code   RO         4595    i.rt_list_insert_after  thread.o
    0x0800a206   0x0000000e   Code   RO         3948    i.rt_list_insert_before  ipc.o
    0x0800a214   0x0000000e   Code   RO         4711    i.rt_list_insert_before  timer.o
    0x0800a222   0x00000010   Code   RO         3949    i.rt_list_isempty   ipc.o
    0x0800a232   0x00000010   Code   RO         4712    i.rt_list_isempty   timer.o
    0x0800a242   0x00000012   Code   RO         4463    i.rt_list_remove    object.o
    0x0800a254   0x00000012   Code   RO         4596    i.rt_list_remove    thread.o
    0x0800a266   0x00000012   Code   RO         4713    i.rt_list_remove    timer.o
    0x0800a278   0x0000028c   Code   RO         4358    i.rt_malloc         mem.o
    0x0800a504   0x0000004a   Code   RO         3951    i.rt_mb_create      ipc.o
    0x0800a54e   0x00000002   PAD
    0x0800a550   0x00000068   Code   RO         3952    i.rt_mb_delete      ipc.o
    0x0800a5b8   0x00000088   Code   RO         3954    i.rt_mb_init        ipc.o
    0x0800a640   0x00000114   Code   RO         3955    i.rt_mb_recv        ipc.o
    0x0800a754   0x000000bc   Code   RO         3956    i.rt_mb_send        ipc.o
    0x0800a810   0x00000078   Code   RO         4226    i.rt_memcpy         kservice.o
    0x0800a888   0x00000048   Code   RO         4228    i.rt_memset         kservice.o
    0x0800a8d0   0x000000a2   Code   RO         4408    i.rt_mp_alloc       mempool.o
    0x0800a972   0x00000002   PAD
    0x0800a974   0x000000c0   Code   RO         4413    i.rt_mp_init        mempool.o
    0x0800aa34   0x00000084   Code   RO         3969    i.rt_mutex_init     ipc.o
    0x0800aab8   0x00000098   Code   RO         3970    i.rt_mutex_release  ipc.o
    0x0800ab50   0x00000108   Code   RO         3971    i.rt_mutex_take     ipc.o
    0x0800ac58   0x00000050   Code   RO         4464    i.rt_object_allocate  object.o
    0x0800aca8   0x000000c0   Code   RO         4465    i.rt_object_delete  object.o
    0x0800ad68   0x0000006c   Code   RO         4466    i.rt_object_detach  object.o
    0x0800add4   0x00000044   Code   RO         4467    i.rt_object_init    object.o
    0x0800ae18   0x00000068   Code   RO         4468    i.rt_object_is_systemobject  object.o
    0x0800ae80   0x000000dc   Code   RO         4525    i.rt_schedule       scheduler.o
    0x0800af5c   0x0000009c   Code   RO         4526    i.rt_schedule_insert_thread  scheduler.o
    0x0800aff8   0x000000a8   Code   RO         4527    i.rt_schedule_remove_thread  scheduler.o
    0x0800b0a0   0x0000002a   Code   RO         3973    i.rt_sem_create     ipc.o
    0x0800b0ca   0x00000002   PAD
    0x0800b0cc   0x00000064   Code   RO         3974    i.rt_sem_delete     ipc.o
    0x0800b130   0x00000078   Code   RO         3976    i.rt_sem_init       ipc.o
    0x0800b1a8   0x00000038   Code   RO         3977    i.rt_sem_release    ipc.o
    0x0800b1e0   0x000000c4   Code   RO         3978    i.rt_sem_take       ipc.o
    0x0800b2a4   0x00000006   Code   RO         4883    i.rt_serial_close   serial.o
    0x0800b2aa   0x00000002   PAD
    0x0800b2ac   0x00000090   Code   RO         4884    i.rt_serial_control  serial.o
    0x0800b33c   0x00000078   Code   RO         4885    i.rt_serial_enable_dma  serial.o
    0x0800b3b4   0x000000d8   Code   RO         4886    i.rt_serial_init    serial.o
    0x0800b48c   0x00000006   Code   RO         4887    i.rt_serial_open    serial.o
    0x0800b492   0x000000a0   Code   RO         4888    i.rt_serial_read    serial.o
    0x0800b532   0x00000002   PAD
    0x0800b534   0x00000134   Code   RO         4889    i.rt_serial_write   serial.o
    0x0800b668   0x0000001c   Code   RO         4229    i.rt_set_errno      kservice.o
    0x0800b684   0x000000a8   Code   RO         4230    i.rt_show_version   kservice.o
    0x0800b72c   0x00000022   Code   RO         4231    i.rt_snprintf       kservice.o
    0x0800b74e   0x00000012   Code   RO         4235    i.rt_strlen         kservice.o
    0x0800b760   0x00000028   Code   RO         4236    i.rt_strncmp        kservice.o
    0x0800b788   0x000000f8   Code   RO         4361    i.rt_system_heap_init  mem.o
    0x0800b880   0x00000002   Code   RO         4469    i.rt_system_object_init  object.o
    0x0800b882   0x00000002   PAD
    0x0800b884   0x0000004c   Code   RO         4528    i.rt_system_scheduler_init  scheduler.o
    0x0800b8d0   0x00000088   Code   RO         4529    i.rt_system_scheduler_start  scheduler.o
    0x0800b958   0x0000000c   Code   RO         3799    i.rt_system_tick_init  clock.o
    0x0800b964   0x00000018   Code   RO         4714    i.rt_system_timer_init  timer.o
    0x0800b97c   0x00000002   Code   RO         4715    i.rt_system_timer_thread_init  timer.o
    0x0800b97e   0x00000002   PAD
    0x0800b980   0x000000c4   Code   RO         4597    i.rt_thread_control  thread.o
    0x0800ba44   0x00000054   Code   RO         4598    i.rt_thread_create  thread.o
    0x0800ba98   0x0000000c   Code   RO         4599    i.rt_thread_delay   thread.o
    0x0800baa4   0x00000088   Code   RO         4600    i.rt_thread_delete  thread.o
    0x0800bb2c   0x0000005c   Code   RO         4602    i.rt_thread_exit    thread.o
    0x0800bb88   0x00000054   Code   RO         3914    i.rt_thread_idle_entry  idle.o
    0x0800bbdc   0x00000038   Code   RO         3915    i.rt_thread_idle_init  idle.o
    0x0800bc14   0x00000110   Code   RO         4604    i.rt_thread_init    thread.o
    0x0800bd24   0x00000098   Code   RO         4605    i.rt_thread_resume  thread.o
    0x0800bdbc   0x0000000c   Code   RO         4606    i.rt_thread_self    thread.o
    0x0800bdc8   0x00000094   Code   RO         4607    i.rt_thread_sleep   thread.o
    0x0800be5c   0x000000b8   Code   RO         4608    i.rt_thread_startup  thread.o
    0x0800bf14   0x00000080   Code   RO         4609    i.rt_thread_suspend  thread.o
    0x0800bf94   0x000000b8   Code   RO         4610    i.rt_thread_timeout  thread.o
    0x0800c04c   0x00000060   Code   RO         4611    i.rt_thread_yield   thread.o
    0x0800c0ac   0x0000000c   Code   RO         3801    i.rt_tick_get       clock.o
    0x0800c0b8   0x00000044   Code   RO         3802    i.rt_tick_increase  clock.o
    0x0800c0fc   0x00000078   Code   RO         4716    i.rt_timer_check    timer.o
    0x0800c174   0x00000094   Code   RO         4717    i.rt_timer_control  timer.o
    0x0800c208   0x00000074   Code   RO         4720    i.rt_timer_detach   timer.o
    0x0800c27c   0x00000084   Code   RO         4721    i.rt_timer_init     timer.o
    0x0800c300   0x000000dc   Code   RO         4722    i.rt_timer_start    timer.o
    0x0800c3dc   0x0000005c   Code   RO         4724    i.rt_timer_switch   timer.o
    0x0800c438   0x0000003c   Code   RO          295    i.rtthread_startup  startup.o
    0x0800c474   0x000000c8   Code   RO         6803    i.sent_tcp          api_msg.o
    0x0800c53c   0x00000044   Code   RO         6804    i.setup_tcp         api_msg.o
    0x0800c580   0x00000014   Code   RO          446    i.spi_read          enc28j60.o
    0x0800c594   0x00000088   Code   RO          448    i.spi_read_op       enc28j60.o
    0x0800c61c   0x00000018   Code   RO          449    i.spi_write         enc28j60.o
    0x0800c634   0x00000064   Code   RO          450    i.spi_write_op      enc28j60.o
    0x0800c698   0x00000014   Code   RO         5725    i.sswt_handler      sys.o
    0x0800c6ac   0x0000007c   Code   RO         7566    i.sys_arch_assert   sys_arch.o
    0x0800c728   0x00000054   Code   RO         7567    i.sys_arch_mbox_fetch  sys_arch.o
    0x0800c77c   0x00000022   Code   RO         7568    i.sys_arch_mbox_tryfetch  sys_arch.o
    0x0800c79e   0x00000050   Code   RO         7570    i.sys_arch_sem_wait  sys_arch.o
    0x0800c7ee   0x00000002   PAD
    0x0800c7f0   0x00000080   Code   RO         7571    i.sys_arch_timeouts  sys_arch.o
    0x0800c870   0x00000002   Code   RO         7573    i.sys_init          sys_arch.o
    0x0800c872   0x0000007c   Code   RO         5726    i.sys_mbox_fetch    sys.o
    0x0800c8ee   0x0000000c   Code   RO         7574    i.sys_mbox_free     sys_arch.o
    0x0800c8fa   0x00000002   PAD
    0x0800c8fc   0x00000040   Code   RO         7575    i.sys_mbox_new      sys_arch.o
    0x0800c93c   0x00000010   Code   RO         7576    i.sys_mbox_post     sys_arch.o
    0x0800c94c   0x0000001a   Code   RO         7577    i.sys_mbox_trypost  sys_arch.o
    0x0800c966   0x0000000c   Code   RO         7578    i.sys_sem_free      sys_arch.o
    0x0800c972   0x00000002   PAD
    0x0800c974   0x0000003c   Code   RO         7579    i.sys_sem_new       sys_arch.o
    0x0800c9b0   0x0000000c   Code   RO         7580    i.sys_sem_signal    sys_arch.o
    0x0800c9bc   0x00000074   Code   RO         5728    i.sys_sem_wait      sys.o
    0x0800ca30   0x00000040   Code   RO         5729    i.sys_sem_wait_timeout  sys.o
    0x0800ca70   0x000000d0   Code   RO         7581    i.sys_thread_new    sys_arch.o
    0x0800cb40   0x0000011c   Code   RO         5730    i.sys_timeout       sys.o
    0x0800cc5c   0x000000b8   Code   RO         5731    i.sys_untimeout     sys.o
    0x0800cd14   0x000000a4   Code   RO         5796    i.tcp_abandon       tcp.o
    0x0800cdb8   0x00000004   Code   RO         5797    i.tcp_accept        tcp.o
    0x0800cdbc   0x00000008   Code   RO         5798    i.tcp_accept_null   tcp.o
    0x0800cdc4   0x000000cc   Code   RO         5799    i.tcp_alloc         tcp.o
    0x0800ce90   0x00000004   Code   RO         5800    i.tcp_arg           tcp.o
    0x0800ce94   0x00000154   Code   RO         5801    i.tcp_bind          tcp.o
    0x0800cfe8   0x000000fc   Code   RO         5802    i.tcp_close         tcp.o
    0x0800d0e4   0x0000002e   Code   RO         5805    i.tcp_eff_send_mss  tcp.o
    0x0800d112   0x00000002   PAD
    0x0800d114   0x00000670   Code   RO         6077    i.tcp_enqueue       tcp_out.o
    0x0800d784   0x00000006   Code   RO         5806    i.tcp_err           tcp.o
    0x0800d78a   0x00000002   PAD
    0x0800d78c   0x00000080   Code   RO         5807    i.tcp_fasttmr       tcp.o
    0x0800d80c   0x0000064c   Code   RO         6004    i.tcp_input         tcp_in.o
    0x0800de58   0x000000d4   Code   RO         6078    i.tcp_keepalive     tcp_out.o
    0x0800df2c   0x00000058   Code   RO         5808    i.tcp_kill_prio     tcp.o
    0x0800df84   0x0000003c   Code   RO         5809    i.tcp_kill_timewait  tcp.o
    0x0800dfc0   0x00000130   Code   RO         6005    i.tcp_listen_input  tcp_in.o
    0x0800e0f0   0x0000012c   Code   RO         5810    i.tcp_listen_with_backlog  tcp.o
    0x0800e21c   0x0000000a   Code   RO         5811    i.tcp_new           tcp.o
    0x0800e226   0x00000002   PAD
    0x0800e228   0x00000078   Code   RO         5812    i.tcp_new_port      tcp.o
    0x0800e2a0   0x0000001c   Code   RO         5813    i.tcp_next_iss      tcp.o
    0x0800e2bc   0x000000b4   Code   RO         6006    i.tcp_oos_insert_segment  tcp_in.o
    0x0800e370   0x00000234   Code   RO         6079    i.tcp_output        tcp_out.o
    0x0800e5a4   0x000000dc   Code   RO         6080    i.tcp_output_segment  tcp_out.o
    0x0800e680   0x0000008a   Code   RO         6081    i.tcp_output_set_header  tcp_out.o
    0x0800e70a   0x00000002   PAD
    0x0800e70c   0x000000b0   Code   RO         6007    i.tcp_parseopt      tcp_in.o
    0x0800e7bc   0x0000004c   Code   RO         5814    i.tcp_pcb_purge     tcp.o
    0x0800e808   0x00000148   Code   RO         5815    i.tcp_pcb_remove    tcp.o
    0x0800e950   0x0000000a   Code   RO         5816    i.tcp_poll          tcp.o
    0x0800e95a   0x00000002   PAD
    0x0800e95c   0x00000638   Code   RO         6008    i.tcp_process       tcp_in.o
    0x0800ef94   0x00000c80   Code   RO         6009    i.tcp_receive       tcp_in.o
    0x0800fc14   0x00000006   Code   RO         5817    i.tcp_recv          tcp.o
    0x0800fc1a   0x0000002e   Code   RO         5818    i.tcp_recv_null     tcp.o
    0x0800fc48   0x000000a8   Code   RO         5819    i.tcp_recved        tcp.o
    0x0800fcf0   0x00000050   Code   RO         6082    i.tcp_rexmit        tcp_out.o
    0x0800fd40   0x00000076   Code   RO         6083    i.tcp_rexmit_fast   tcp_out.o
    0x0800fdb6   0x0000003a   Code   RO         6084    i.tcp_rexmit_rto    tcp_out.o
    0x0800fdf0   0x00000130   Code   RO         6085    i.tcp_rst           tcp_out.o
    0x0800ff20   0x00000026   Code   RO         5820    i.tcp_seg_copy      tcp.o
    0x0800ff46   0x00000020   Code   RO         5821    i.tcp_seg_free      tcp.o
    0x0800ff66   0x0000001e   Code   RO         5822    i.tcp_segs_free     tcp.o
    0x0800ff84   0x0000001c   Code   RO         6086    i.tcp_send_ctrl     tcp_out.o
    0x0800ffa0   0x00000070   Code   RO         6087    i.tcp_send_empty_ack  tcp_out.o
    0x08010010   0x00000006   Code   RO         5823    i.tcp_sent          tcp.o
    0x08010016   0x0000000a   Code   RO          189    i.tcp_server_thread  application.o
    0x08010020   0x00000548   Code   RO         5825    i.tcp_slowtmr       tcp.o
    0x08010568   0x00000038   Code   RO         6535    i.tcp_timer_needed  tcpip.o
    0x080105a0   0x000000b4   Code   RO         6010    i.tcp_timewait_input  tcp_in.o
    0x08010654   0x00000024   Code   RO         5826    i.tcp_tmr           tcp.o
    0x08010678   0x00000048   Code   RO         5827    i.tcp_update_rcv_ann_wnd  tcp.o
    0x080106c0   0x00000046   Code   RO         6088    i.tcp_write         tcp_out.o
    0x08010706   0x00000002   PAD
    0x08010708   0x0000012c   Code   RO         6089    i.tcp_zero_window_probe  tcp_out.o
    0x08010834   0x00000038   Code   RO         6536    i.tcpip_apimsg      tcpip.o
    0x0801086c   0x00000060   Code   RO         6537    i.tcpip_callback_with_block  tcpip.o
    0x080108cc   0x00000048   Code   RO         6538    i.tcpip_init        tcpip.o
    0x08010914   0x0000004c   Code   RO         6539    i.tcpip_input       tcpip.o
    0x08010960   0x00000038   Code   RO         6540    i.tcpip_tcp_timer   tcpip.o
    0x08010998   0x0000010c   Code   RO         6541    i.tcpip_thread      tcpip.o
    0x08010aa4   0x000001ec   Code   RO          763    i.tcpserv           tcpserver.o
    0x08010c90   0x0000005c   Code   RO          190    i.uart_thread       application.o
    0x08010cec   0x000000c4   Code   RO         6169    i.udp_bind          udp.o
    0x08010db0   0x00000064   Code   RO         6170    i.udp_connect       udp.o
    0x08010e14   0x000002b4   Code   RO         6172    i.udp_input         udp.o
    0x080110c8   0x0000001c   Code   RO         6173    i.udp_new           udp.o
    0x080110e4   0x00000006   Code   RO         6174    i.udp_recv          udp.o
    0x080110ea   0x00000002   PAD
    0x080110ec   0x00000040   Code   RO         6175    i.udp_remove        udp.o
    0x0801112c   0x00000014   Code   RO         6176    i.udp_send          udp.o
    0x08011140   0x0000002e   Code   RO         6177    i.udp_sendto        udp.o
    0x0801116e   0x00000002   PAD
    0x08011170   0x000001b8   Code   RO         6178    i.udp_sendto_if     udp.o
    0x08011328   0x00000154   Code   RO         7418    i.update_arp_entry  etharp.o
    0x0801147c   0x000002cc   Code   RO         4240    i.vsnprintf         kservice.o
    0x08011748   0x0000000e   Code   RO         7797    x$fpl$fpinit        fz_ws.l(fpinit.o)(fz_ws.l)
    0x08011756   0x000000a8   Data   RO         3843    .constdata          device.o
    0x080117fe   0x0000011a   Data   RO         3980    .constdata          ipc.o
    0x08011918   0x00000022   Data   RO         4242    .constdata          kservice.o
    0x0801193a   0x00000002   PAD
    0x0801193c   0x00000110   Data   RO         4363    .constdata          mem.o
    0x08011a4c   0x00000025   Data   RO         4414    .constdata          mempool.o
    0x08011a71   0x0000003c   Data   RO         4470    .constdata          object.o
    0x08011aad   0x0000014e   Data   RO         4531    .constdata          scheduler.o
    0x08011bfb   0x000000aa   Data   RO         4612    .constdata          thread.o
    0x08011ca5   0x0000005c   Data   RO         4725    .constdata          timer.o
    0x08011d01   0x00000085   Data   RO         4890    .constdata          serial.o
    0x08011d86   0x00000002   PAD
    0x08011d88   0x000000d0   Data   RO         4977    .constdata          dhcp.o
    0x08011e58   0x0000001c   Data   RO         5359    .constdata          memp.o
    0x08011e74   0x00000014   Data   RO         5828    .constdata          tcp.o
    0x08011e88   0x00000051   Data   RO         6090    .constdata          tcp_out.o
    0x08011ed9   0x00000008   Data   RO         6505    .constdata          ip_addr.o
    0x08011ee1   0x00000003   PAD
    0x08011ee4   0x0000003c   Data   RO         7110    .constdata          sockets.o
    0x08011f20   0x0000002b   Data   RO         7280    .constdata          ethernetif.o
    0x08011f4b   0x00000001   PAD
    0x08011f4c   0x00000050   Data   RO         7420    .constdata          etharp.o
    0x08011f9c   0x00000031   Data   RO         7582    .constdata          sys_arch.o
    0x08011fcd   0x00000068   Data   RO         5829    .conststring        tcp.o
    0x08012035   0x00000003   PAD
    0x08012038   0x00000020   Data   RO         7878    Region$$Table       anon$$obj.o


    Execution Region RW_IRAM1 (Base: 0x20000000, Size: 0x00002a48, Max: 0x00010000, ABSOLUTE, COMPRESSED[0x000000a0])

    Base Addr    Size         Type   Attr      Idx    E Section Name        Object

    0x20000000   0x0000000c   Data   RW          343    .data               usart.o
    0x2000000c   0x00000008   Data   RW          452    .data               enc28j60.o
    0x20000014   0x00000004   Data   RW          766    .data               tcpserver.o
    0x20000018   0x00000014   Data   RW         2429    .data               stm32f10x_rcc.o
    0x2000002c   0x00000004   Data   RW         3803    .data               clock.o
    0x20000030   0x00000001   Data   RW         4201    .data               irq.o
    0x20000031   0x00000003   PAD
    0x20000034   0x00000008   Data   RW         4243    .data               kservice.o
    0x2000003c   0x00000018   Data   RW         4364    .data               mem.o
    0x20000054   0x00000090   Data   RW         4471    .data               object.o
    0x200000e4   0x00000018   Data   RW         4532    .data               scheduler.o
    0x200000fc   0x00000010   Data   RW         4726    .data               timer.o
    0x2000010c   0x0000000c   Data   RW         4844    .data               interrupt.o
    0x20000118   0x00000004   Data   RW         4978    .data               dhcp.o
    0x2000011c   0x0000000d   Data   RW         5213    .data               dns.o
    0x20000129   0x00000001   PAD
    0x2000012a   0x00000002   Data   RW         5360    .data               memp.o
    0x2000012c   0x0000000c   Data   RW         5427    .data               netif.o
    0x20000138   0x00000001   Data   RW         5560    .data               pbuf.o
    0x20000139   0x00000003   PAD
    0x2000013c   0x00000004   Data   RW         5666    .data               raw.o
    0x20000140   0x0000004d   Data   RW         5830    .data               tcp.o
    0x2000018d   0x00000003   PAD
    0x20000190   0x00000020   Data   RW         6012    .data               tcp_in.o
    0x200001b0   0x00000004   Data   RW         6179    .data               udp.o
    0x200001b4   0x00000006   Data   RW         6266    .data               ip_frag.o
    0x200001ba   0x00000002   PAD
    0x200001bc   0x0000000c   Data   RW         6455    .data               ip.o
    0x200001c8   0x00000010   Data   RW         6544    .data               tcpip.o
    0x200001d8   0x0000000c   Data   RW         7111    .data               sockets.o
    0x200001e4   0x00000001   Data   RW         7421    .data               etharp.o
    0x200001e5   0x00000001   PAD
    0x200001e6   0x00000004   Data   RW         7583    .data               sys_arch.o
    0x200001ea   0x00000002   PAD
    0x200001ec   0x00000424   Zero   RW          191    .bss                application.o
    0x20000610   0x00000448   Zero   RW          342    .bss                usart.o
    0x20000a58   0x00000098   Zero   RW          451    .bss                enc28j60.o
    0x20000af0   0x00000400   Zero   RW          764    .bss                tcpserver.o
    0x20000ef0   0x0000017c   Zero   RW         3916    .bss                idle.o
    0x2000106c   0x00000080   Zero   RW         4241    .bss                kservice.o
    0x200010ec   0x00000020   Zero   RW         4362    .bss                mem.o
    0x2000110c   0x00000100   Zero   RW         4530    .bss                scheduler.o
    0x2000120c   0x00000660   Zero   RW         5212    .bss                dns.o
    0x2000186c   0x00000014   Zero   RW         6011    .bss                tcp_in.o
    0x20001880   0x000005e0   Zero   RW         6265    .bss                ip_frag.o
    0x20001e60   0x00000010   Zero   RW         6373    .bss                inet.o
    0x20001e70   0x000000c8   Zero   RW         7109    .bss                sockets.o
    0x20001f38   0x000007e4   Zero   RW         7279    .bss                ethernetif.o
    0x2000271c   0x000000c8   Zero   RW         7419    .bss                etharp.o
    0x200027e4   0x00000060   Zero   RW         7709    .bss                c_w.l(libspace.o)(c_w.l)
    0x20002844   0x00000004   PAD
    0x20002848   0x00000000   Zero   RW         4874    HEAP                start_rvds.o
    0x20002848   0x00000200   Zero   RW         4873    STACK               start_rvds.o


==============================================================================

Image component sizes


      Code (inc. data)   RO Data    RW Data    ZI Data      Debug   Object Name

      1800        798          0          0          0          0   api_lib.o
      4094       1144          0          0          0          0   api_msg.o
       346        140          0          0       1060          0   application.o
       174         18          0          0          0          0   board.o
        92         16          0          4          0          0   clock.o
       168         20          0          0          0          0   context_rvds.o
         0          0          0          0          0          0   core_cm3.o
      1064        440        168          0          0          0   device.o
      5838       1446        208          4          0          0   dhcp.o
         0          0          0          0          0          0   dm9000a.o
      1428        294          0         13       1632          0   dns.o
      1996        156          0          8        152          0   enc28j60.o
      3332        734         80          1        200          0   etharp.o
      1236        356         43          0       2020          0   ethernetif.o
       240        160          0          0          0          0   fault.o
        20          0          0          0          0          0   fault_rvds.o
      1044        360          0          0          0          0   icmp.o
       140         26          0          0        380          0   idle.o
       538         10          0          0         16          0   inet.o
       614         62          0          0          0          0   inet_chksum.o
        16          0          0          0          0          0   init.o
         0          0          0         12          0          0   interrupt.o
      1008        116          0         12          0          0   ip.o
        78          0          8          0          0          0   ip_addr.o
      2156        452          0          6       1504          0   ip_frag.o
      2068        488        282          0          0          0   ipc.o
        64         12          0          1          0          0   irq.o
      1594        166         34          8        128          0   kservice.o
      1616        532        272         24         32          0   mem.o
        92         14         28          2          0          0   memp.o
       360         54         37          0          0          0   mempool.o
       212         32          0          0          0          0   misc.o
       292        126          0          0          0          0   netbuf.o
       840        234          0         12          0          0   netif.o
       586        224         60        144          0          0   object.o
      3156       1192          0          1          0          0   pbuf.o
       500         92          0          4          0          0   raw.o
      1086        352        334         24        256          0   scheduler.o
      1500        398        133          0          0          0   serial.o
      4200        556         60         12        200          0   sockets.o
       106          0          0          0          0          0   stack.o
        60         24        336          0        512          0   start_rvds.o
        80          8          0          0          0          0   startup.o
        22          0          0          0          0          0   stm32f10x_dma.o
        12          6          0          0          0          0   stm32f10x_exti.o
       274          0          0          0          0          0   stm32f10x_gpio.o
        70          6          0          0          0          0   stm32f10x_it.o
       244         26          0         20          0          0   stm32f10x_rcc.o
       112          0          0          0          0          0   stm32f10x_spi.o
       462          6          0          0          0          0   stm32f10x_usart.o
       792        174          0          0          0          0   sys.o
       862        260         49          4          0          0   sys_arch.o
       220         62          0          0          0          0   sys_arch_init.o
       292         22          0          0          0          0   system_stm32f10x.o
      3962        884        124         77          0          0   tcp.o
      7244       1070          0         32         20          0   tcp_in.o
      3852        740         81          0          0          0   tcp_out.o
       820        140          0         16          0          0   tcpip.o
       492        102          0          4       1024          0   tcpserver.o
      1968        706        170          0          0          0   thread.o
       958        260         92         16          0          0   timer.o
      1592        232          0          4          0          0   udp.o
         0          0          0          0          0          0   udpclient.o
       252         26          0         12       1096          0   usart.o

    ----------------------------------------------------------------------
     70422      15974       2642        492      10232          0   Object Totals
         0          0         32          0          0          0   (incl. Generated)
        86          0         11         15          0          3   (incl. Padding)

    ----------------------------------------------------------------------

      Code (inc. data)   RO Data    RW Data    ZI Data      Debug   Library Member Name

        90          0          0          0          0          0   __dczerorl2.o
         8          0          0          0          0          0   __main.o
        52          8          0          0          0          0   __scatter.o
        28          0          0          0          0          0   __scatter_zi.o
        12          0          0          0          0          0   exit.o
         6          0          0          0          0          0   heapauxi.o
         6          0          0          0          0          0   libinit.o
         2          0          0          0          0          0   libinit2.o
         2          0          0          0          0          0   libshutdown.o
         2          0          0          0          0          0   libshutdown2.o
         8          4          0          0         96          0   libspace.o
        12          4          0          0          0          0   rt_fp_status_addr_intlibspace.o
        68          0          0          0          0          0   rt_memclr.o
        78          0          0          0          0          0   rt_memclr_w.o
       138          0          0          0          0          0   rt_memcpy_v6.o
       100          0          0          0          0          0   rt_memcpy_w.o
         0          0          0          0          0          0   rtentry.o
        12          0          0          0          0          0   rtentry2.o
         6          0          0          0          0          0   rtentry4.o
         2          0          0          0          0          0   rtexit.o
        10          0          0          0          0          0   rtexit2.o
        12          4          0          0          0          0   sys_exit.o
        74          0          0          0          0          0   sys_stackheap_outer.o
         2          0          0          0          0          0   use_no_semi.o
        14          0          0          0          0          0   fpinit.o

    ----------------------------------------------------------------------
       752         20          0          0        100          0   Library Totals
         8          0          0          0          4          0   (incl. Padding)

    ----------------------------------------------------------------------

      Code (inc. data)   RO Data    RW Data    ZI Data      Debug   Library Name

       730         20          0          0         96        936   c_w.l
        14          0          0          0          0         76   fz_ws.l

    ----------------------------------------------------------------------
       752         20          0          0        100          0   Library Totals

    ----------------------------------------------------------------------

==============================================================================


      Code (inc. data)   RO Data    RW Data    ZI Data      Debug   

     71174      15994       2642        492      10332    1019308   Grand Totals
     71174      15994       2642        160      10332    1019308   ELF Image Totals (compressed)
     71174      15994       2642        160          0          0   ROM Totals

==============================================================================

    Total RO  Size (Code + RO Data)                73816 (  72.09kB)
    Total RW  Size (RW Data + ZI Data)             10824 (  10.57kB)
    Total ROM Size (Code + RO Data + RW Data)      73976 (  72.24kB)

==============================================================================

